Archive member included to satisfy reference by file (symbol)

d:/program files (x86)/stm32cubeide_1.0.2/stm32cubeide/plugins/com.st.stm32cube.ide.mcu.externaltools.gnu-tools-for-stm32.7-2018-q2-update.win32_1.0.0.201904181610/tools/bin/../lib/gcc/arm-none-eabi/7.3.1/../../../../arm-none-eabi/lib/thumb/v7e-m/fpv4-sp/hard\libc_nano.a(lib_a-exit.o)
                              d:/program files (x86)/stm32cubeide_1.0.2/stm32cubeide/plugins/com.st.stm32cube.ide.mcu.externaltools.gnu-tools-for-stm32.7-2018-q2-update.win32_1.0.0.201904181610/tools/bin/../lib/gcc/arm-none-eabi/7.3.1/../../../../arm-none-eabi/lib/thumb/v7e-m/fpv4-sp/hard/crt0.o (exit)
d:/program files (x86)/stm32cubeide_1.0.2/stm32cubeide/plugins/com.st.stm32cube.ide.mcu.externaltools.gnu-tools-for-stm32.7-2018-q2-update.win32_1.0.0.201904181610/tools/bin/../lib/gcc/arm-none-eabi/7.3.1/../../../../arm-none-eabi/lib/thumb/v7e-m/fpv4-sp/hard\libc_nano.a(lib_a-impure.o)
                              d:/program files (x86)/stm32cubeide_1.0.2/stm32cubeide/plugins/com.st.stm32cube.ide.mcu.externaltools.gnu-tools-for-stm32.7-2018-q2-update.win32_1.0.0.201904181610/tools/bin/../lib/gcc/arm-none-eabi/7.3.1/../../../../arm-none-eabi/lib/thumb/v7e-m/fpv4-sp/hard\libc_nano.a(lib_a-exit.o) (_global_impure_ptr)
d:/program files (x86)/stm32cubeide_1.0.2/stm32cubeide/plugins/com.st.stm32cube.ide.mcu.externaltools.gnu-tools-for-stm32.7-2018-q2-update.win32_1.0.0.201904181610/tools/bin/../lib/gcc/arm-none-eabi/7.3.1/../../../../arm-none-eabi/lib/thumb/v7e-m/fpv4-sp/hard\libc_nano.a(lib_a-init.o)
                              d:/program files (x86)/stm32cubeide_1.0.2/stm32cubeide/plugins/com.st.stm32cube.ide.mcu.externaltools.gnu-tools-for-stm32.7-2018-q2-update.win32_1.0.0.201904181610/tools/bin/../lib/gcc/arm-none-eabi/7.3.1/../../../../arm-none-eabi/lib/thumb/v7e-m/fpv4-sp/hard/crt0.o (__libc_init_array)
d:/program files (x86)/stm32cubeide_1.0.2/stm32cubeide/plugins/com.st.stm32cube.ide.mcu.externaltools.gnu-tools-for-stm32.7-2018-q2-update.win32_1.0.0.201904181610/tools/bin/../lib/gcc/arm-none-eabi/7.3.1/../../../../arm-none-eabi/lib/thumb/v7e-m/fpv4-sp/hard\libc_nano.a(lib_a-malloc.o)
                              Middlewares/ST/STM32_USB_Host_Library/Class/MSC/Src/usbh_msc.o (malloc)
d:/program files (x86)/stm32cubeide_1.0.2/stm32cubeide/plugins/com.st.stm32cube.ide.mcu.externaltools.gnu-tools-for-stm32.7-2018-q2-update.win32_1.0.0.201904181610/tools/bin/../lib/gcc/arm-none-eabi/7.3.1/../../../../arm-none-eabi/lib/thumb/v7e-m/fpv4-sp/hard\libc_nano.a(lib_a-memcmp.o)
                              Core/Src/uart/uart_debug_parse.o (memcmp)
d:/program files (x86)/stm32cubeide_1.0.2/stm32cubeide/plugins/com.st.stm32cube.ide.mcu.externaltools.gnu-tools-for-stm32.7-2018-q2-update.win32_1.0.0.201904181610/tools/bin/../lib/gcc/arm-none-eabi/7.3.1/../../../../arm-none-eabi/lib/thumb/v7e-m/fpv4-sp/hard\libc_nano.a(lib_a-memcpy-stub.o)
                              Middlewares/ST/STM32_USB_Host_Library/Class/MSC/Src/usbh_msc.o (memcpy)
d:/program files (x86)/stm32cubeide_1.0.2/stm32cubeide/plugins/com.st.stm32cube.ide.mcu.externaltools.gnu-tools-for-stm32.7-2018-q2-update.win32_1.0.0.201904181610/tools/bin/../lib/gcc/arm-none-eabi/7.3.1/../../../../arm-none-eabi/lib/thumb/v7e-m/fpv4-sp/hard\libc_nano.a(lib_a-memset.o)
                              d:/program files (x86)/stm32cubeide_1.0.2/stm32cubeide/plugins/com.st.stm32cube.ide.mcu.externaltools.gnu-tools-for-stm32.7-2018-q2-update.win32_1.0.0.201904181610/tools/bin/../lib/gcc/arm-none-eabi/7.3.1/../../../../arm-none-eabi/lib/thumb/v7e-m/fpv4-sp/hard/crt0.o (memset)
d:/program files (x86)/stm32cubeide_1.0.2/stm32cubeide/plugins/com.st.stm32cube.ide.mcu.externaltools.gnu-tools-for-stm32.7-2018-q2-update.win32_1.0.0.201904181610/tools/bin/../lib/gcc/arm-none-eabi/7.3.1/../../../../arm-none-eabi/lib/thumb/v7e-m/fpv4-sp/hard\libc_nano.a(lib_a-nano-freer.o)
                              d:/program files (x86)/stm32cubeide_1.0.2/stm32cubeide/plugins/com.st.stm32cube.ide.mcu.externaltools.gnu-tools-for-stm32.7-2018-q2-update.win32_1.0.0.201904181610/tools/bin/../lib/gcc/arm-none-eabi/7.3.1/../../../../arm-none-eabi/lib/thumb/v7e-m/fpv4-sp/hard\libc_nano.a(lib_a-malloc.o) (_free_r)
d:/program files (x86)/stm32cubeide_1.0.2/stm32cubeide/plugins/com.st.stm32cube.ide.mcu.externaltools.gnu-tools-for-stm32.7-2018-q2-update.win32_1.0.0.201904181610/tools/bin/../lib/gcc/arm-none-eabi/7.3.1/../../../../arm-none-eabi/lib/thumb/v7e-m/fpv4-sp/hard\libc_nano.a(lib_a-nano-mallocr.o)
                              d:/program files (x86)/stm32cubeide_1.0.2/stm32cubeide/plugins/com.st.stm32cube.ide.mcu.externaltools.gnu-tools-for-stm32.7-2018-q2-update.win32_1.0.0.201904181610/tools/bin/../lib/gcc/arm-none-eabi/7.3.1/../../../../arm-none-eabi/lib/thumb/v7e-m/fpv4-sp/hard\libc_nano.a(lib_a-malloc.o) (_malloc_r)
[...]
Memory Configuration

Name             Origin             Length             Attributes
CCMRAM           0x0000000010000000 0x0000000000010000 xrw
RAM              0x0000000020000000 0x0000000000020000 xrw
FLASH            0x0000000008000000 0x0000000000100000 xr
*default*        0x0000000000000000 0xffffffffffffffff

Linker script and memory map

LOAD d:/program files (x86)/stm32cubeide_1.0.2/stm32cubeide/plugins/com.st.stm32cube.ide.mcu.externaltools.gnu-tools-for-stm32.7-2018-q2-update.win32_1.0.0.201904181610/tools/bin/../lib/gcc/arm-none-eabi/7.3.1/thumb/v7e-m/fpv4-sp/hard/crti.o
LOAD d:/program files (x86)/stm32cubeide_1.0.2/stm32cubeide/plugins/com.st.stm32cube.ide.mcu.externaltools.gnu-tools-for-stm32.7-2018-q2-update.win32_1.0.0.201904181610/tools/bin/../lib/gcc/arm-none-eabi/7.3.1/thumb/v7e-m/fpv4-sp/hard/crtbegin.o
LOAD d:/program files (x86)/stm32cubeide_1.0.2/stm32cubeide/plugins/com.st.stm32cube.ide.mcu.externaltools.gnu-tools-for-stm32.7-2018-q2-update.win32_1.0.0.201904181610/tools/bin/../lib/gcc/arm-none-eabi/7.3.1/../../../../arm-none-eabi/lib/thumb/v7e-m/fpv4-sp/hard/crt0.o
LOAD Core/Src/dma.o
LOAD Core/Src/gpio.o
LOAD Core/Src/main.o
LOAD Core/Src/stm32f4xx_hal_msp.o
LOAD Core/Src/stm32f4xx_it.o
LOAD Core/Src/sys.o
LOAD Core/Src/system_stm32f4xx.o
LOAD Core/Src/usart.o
LOAD Core/Src/uart/uart_debug_parse.o
LOAD Core/Src/uart/uart_recv.o
LOAD Core/Startup/startup_stm32f407zgtx.o
LOAD Drivers/STM32F4xx_HAL_Driver/Src/stm32f4xx_hal.o
LOAD Drivers/STM32F4xx_HAL_Driver/Src/stm32f4xx_hal_cortex.o
LOAD Drivers/STM32F4xx_HAL_Driver/Src/stm32f4xx_hal_dma.o
LOAD Drivers/STM32F4xx_HAL_Driver/Src/stm32f4xx_hal_dma_ex.o
LOAD Drivers/STM32F4xx_HAL_Driver/Src/stm32f4xx_hal_exti.o
LOAD Drivers/STM32F4xx_HAL_Driver/Src/stm32f4xx_hal_flash.o
LOAD Drivers/STM32F4xx_HAL_Driver/Src/stm32f4xx_hal_flash_ex.o
LOAD Drivers/STM32F4xx_HAL_Driver/Src/stm32f4xx_hal_flash_ramfunc.o
LOAD Drivers/STM32F4xx_HAL_Driver/Src/stm32f4xx_hal_gpio.o
LOAD Drivers/STM32F4xx_HAL_Driver/Src/stm32f4xx_hal_hcd.o
LOAD Drivers/STM32F4xx_HAL_Driver/Src/stm32f4xx_hal_pwr.o
LOAD Drivers/STM32F4xx_HAL_Driver/Src/stm32f4xx_hal_pwr_ex.o
LOAD Drivers/STM32F4xx_HAL_Driver/Src/stm32f4xx_hal_rcc.o
LOAD Drivers/STM32F4xx_HAL_Driver/Src/stm32f4xx_hal_rcc_ex.o
LOAD Drivers/STM32F4xx_HAL_Driver/Src/stm32f4xx_hal_tim.o
LOAD Drivers/STM32F4xx_HAL_Driver/Src/stm32f4xx_hal_tim_ex.o
LOAD Drivers/STM32F4xx_HAL_Driver/Src/stm32f4xx_hal_uart.o
LOAD Drivers/STM32F4xx_HAL_Driver/Src/stm32f4xx_ll_usb.o
LOAD FATFS/App/fatfs.o
LOAD FATFS/Target/usbh_diskio.o
LOAD Middlewares/ST/STM32_USB_Host_Library/Class/MSC/Src/usbh_msc.o
LOAD Middlewares/ST/STM32_USB_Host_Library/Class/MSC/Src/usbh_msc_bot.o
LOAD Middlewares/ST/STM32_USB_Host_Library/Class/MSC/Src/usbh_msc_scsi.o
LOAD Middlewares/ST/STM32_USB_Host_Library/Core/Src/usbh_core.o
LOAD Middlewares/ST/STM32_USB_Host_Library/Core/Src/usbh_ctlreq.o
LOAD Middlewares/ST/STM32_USB_Host_Library/Core/Src/usbh_ioreq.o
LOAD Middlewares/ST/STM32_USB_Host_Library/Core/Src/usbh_pipes.o
LOAD Middlewares/Third_Party/FatFs/src/diskio.o
LOAD Middlewares/Third_Party/FatFs/src/ff.o
LOAD Middlewares/Third_Party/FatFs/src/ff_gen_drv.o
LOAD Middlewares/Third_Party/FatFs/src/option/cc936.o
LOAD Middlewares/Third_Party/FatFs/src/option/syscall.o
LOAD USB_HOST/App/usb_host.o
LOAD USB_HOST/Target/usbh_conf.o
LOAD USB_HOST/Target/usbh_platform.o
START GROUP
LOAD d:/program files (x86)/stm32cubeide_1.0.2/stm32cubeide/plugins/com.st.stm32cube.ide.mcu.externaltools.gnu-tools-for-stm32.7-2018-q2-update.win32_1.0.0.201904181610/tools/bin/../lib/gcc/arm-none-eabi/7.3.1/../../../../arm-none-eabi/lib/thumb/v7e-m/fpv4-sp/hard\libc_nano.a
LOAD d:/program files (x86)/stm32cubeide_1.0.2/stm32cubeide/plugins/com.st.stm32cube.ide.mcu.externaltools.gnu-tools-for-stm32.7-2018-q2-update.win32_1.0.0.201904181610/tools/bin/../lib/gcc/arm-none-eabi/7.3.1/../../../../arm-none-eabi/lib/thumb/v7e-m/fpv4-sp/hard\libm.a
END GROUP
START GROUP
LOAD d:/program files (x86)/stm32cubeide_1.0.2/stm32cubeide/plugins/com.st.stm32cube.ide.mcu.externaltools.gnu-tools-for-stm32.7-2018-q2-update.win32_1.0.0.201904181610/tools/bin/../lib/gcc/arm-none-eabi/7.3.1/thumb/v7e-m/fpv4-sp/hard\libgcc.a
LOAD d:/program files (x86)/stm32cubeide_1.0.2/stm32cubeide/plugins/com.st.stm32cube.ide.mcu.externaltools.gnu-tools-for-stm32.7-2018-q2-update.win32_1.0.0.201904181610/tools/bin/../lib/gcc/arm-none-eabi/7.3.1/../../../../arm-none-eabi/lib/thumb/v7e-m/fpv4-sp/hard\libc_nano.a
END GROUP
START GROUP
LOAD d:/program files (x86)/stm32cubeide_1.0.2/stm32cubeide/plugins/com.st.stm32cube.ide.mcu.externaltools.gnu-tools-for-stm32.7-2018-q2-update.win32_1.0.0.201904181610/tools/bin/../lib/gcc/arm-none-eabi/7.3.1/thumb/v7e-m/fpv4-sp/hard\libgcc.a
LOAD d:/program files (x86)/stm32cubeide_1.0.2/stm32cubeide/plugins/com.st.stm32cube.ide.mcu.externaltools.gnu-tools-for-stm32.7-2018-q2-update.win32_1.0.0.201904181610/tools/bin/../lib/gcc/arm-none-eabi/7.3.1/../../../../arm-none-eabi/lib/thumb/v7e-m/fpv4-sp/hard\libc_nano.a
LOAD d:/program files (x86)/stm32cubeide_1.0.2/stm32cubeide/plugins/com.st.stm32cube.ide.mcu.externaltools.gnu-tools-for-stm32.7-2018-q2-update.win32_1.0.0.201904181610/tools/bin/../lib/gcc/arm-none-eabi/7.3.1/../../../../arm-none-eabi/lib/thumb/v7e-m/fpv4-sp/hard\libnosys.a
END GROUP
START GROUP
LOAD d:/program files (x86)/stm32cubeide_1.0.2/stm32cubeide/plugins/com.st.stm32cube.ide.mcu.externaltools.gnu-tools-for-stm32.7-2018-q2-update.win32_1.0.0.201904181610/tools/bin/../lib/gcc/arm-none-eabi/7.3.1/thumb/v7e-m/fpv4-sp/hard\libgcc.a
LOAD d:/program files (x86)/stm32cubeide_1.0.2/stm32cubeide/plugins/com.st.stm32cube.ide.mcu.externaltools.gnu-tools-for-stm32.7-2018-q2-update.win32_1.0.0.201904181610/tools/bin/../lib/gcc/arm-none-eabi/7.3.1/../../../../arm-none-eabi/lib/thumb/v7e-m/fpv4-sp/hard\libc_nano.a
LOAD d:/program files (x86)/stm32cubeide_1.0.2/stm32cubeide/plugins/com.st.stm32cube.ide.mcu.externaltools.gnu-tools-for-stm32.7-2018-q2-update.win32_1.0.0.201904181610/tools/bin/../lib/gcc/arm-none-eabi/7.3.1/../../../../arm-none-eabi/lib/thumb/v7e-m/fpv4-sp/hard\libnosys.a
END GROUP
LOAD d:/program files (x86)/stm32cubeide_1.0.2/stm32cubeide/plugins/com.st.stm32cube.ide.mcu.externaltools.gnu-tools-for-stm32.7-2018-q2-update.win32_1.0.0.201904181610/tools/bin/../lib/gcc/arm-none-eabi/7.3.1/thumb/v7e-m/fpv4-sp/hard/crtend.o
LOAD d:/program files (x86)/stm32cubeide_1.0.2/stm32cubeide/plugins/com.st.stm32cube.ide.mcu.externaltools.gnu-tools-for-stm32.7-2018-q2-update.win32_1.0.0.201904181610/tools/bin/../lib/gcc/arm-none-eabi/7.3.1/thumb/v7e-m/fpv4-sp/hard/crtn.o
                0x0000000020020000                _estack = (ORIGIN (RAM) + LENGTH (RAM))
                0x0000000000000200                _Min_Heap_Size = 0x200
                0x0000000000000400                _Min_Stack_Size = 0x400

.isr_vector     0x0000000008000000      0x188
                0x0000000008000000                . = ALIGN (0x4)
 *(.isr_vector)
 .isr_vector    0x0000000008000000      0x188 Core/Startup/startup_stm32f407zgtx.o
                0x0000000008000000                g_pfnVectors
                0x0000000008000188                . = ALIGN (0x4)

.text           0x0000000008000188     0xd6a0
                0x0000000008000188                . = ALIGN (0x4)
 *(.text)
 .text          0x0000000008000188       0x40 d:/program files (x86)/stm32cubeide_1.0.2/stm32cubeide/plugins/com.st.stm32cube.ide.mcu.externaltools.gnu-tools-for-stm32.7-2018-q2-update.win32_1.0.0.201904181610/tools/bin/../lib/gcc/arm-none-eabi/7.3.1/thumb/v7e-m/fpv4-sp/hard/crtbegin.o
 .text          0x00000000080001c8       0x10 d:/program files (x86)/stm32cubeide_1.0.2/stm32cubeide/plugins/com.st.stm32cube.ide.mcu.externaltools.gnu-tools-for-stm32.7-2018-q2-update.win32_1.0.0.201904181610/tools/bin/../lib/gcc/arm-none-eabi/7.3.1/../../../../arm-none-eabi/lib/thumb/v7e-m/fpv4-sp/hard\libc_nano.a(lib_a-strlen.o)
                0x00000000080001c8                strlen
 .text          0x00000000080001d8      0x378 d:/program files (x86)/stm32cubeide_1.0.2/stm32cubeide/plugins/com.st.stm32cube.ide.mcu.externaltools.gnu-tools-for-stm32.7-2018-q2-update.win32_1.0.0.201904181610/tools/bin/../lib/gcc/arm-none-eabi/7.3.1/thumb/v7e-m/fpv4-sp/hard\libgcc.a(_arm_addsubdf3.o)
                0x00000000080001d8                __aeabi_drsub
                0x00000000080001e0                __aeabi_dsub
                0x00000000080001e0                __subdf3
                0x00000000080001e4                __aeabi_dadd
                0x00000000080001e4                __adddf3
                0x000000000800045c                __floatunsidf
                0x000000000800045c                __aeabi_ui2d
                0x000000000800047c                __floatsidf
                0x000000000800047c                __aeabi_i2d
                0x00000000080004a0                __aeabi_f2d
                0x00000000080004a0                __extendsfdf2
                0x00000000080004e4                __floatundidf
                0x00000000080004e4                __aeabi_ul2d
                0x00000000080004f4                __floatdidf
                0x00000000080004f4                __aeabi_l2d
 .text          0x0000000008000550      0x424 d:/program files (x86)/stm32cubeide_1.0.2/stm32cubeide/plugins/com.st.stm32cube.ide.mcu.externaltools.gnu-tools-for-stm32.7-2018-q2-update.win32_1.0.0.201904181610/tools/bin/../lib/gcc/arm-none-eabi/7.3.1/thumb/v7e-m/fpv4-sp/hard\libgcc.a(_arm_muldivdf3.o)
                0x0000000008000550                __aeabi_dmul
                0x0000000008000550                __muldf3
                0x00000000080007a4                __divdf3
                0x00000000080007a4                __aeabi_ddiv
 .text          0x0000000008000974      0x110 d:/program files (x86)/stm32cubeide_1.0.2/stm32cubeide/plugins/com.st.stm32cube.ide.mcu.externaltools.gnu-tools-for-stm32.7-2018-q2-update.win32_1.0.0.201904181610/tools/bin/../lib/gcc/arm-none-eabi/7.3.1/thumb/v7e-m/fpv4-sp/hard\libgcc.a(_arm_cmpdf2.o)
                0x0000000008000974                __gtdf2
                0x0000000008000974                __gedf2
                0x000000000800097c                __ltdf2
                0x000000000800097c                __ledf2
                0x0000000008000984                __nedf2
                0x0000000008000984                __eqdf2
                0x0000000008000984                __cmpdf2
                0x0000000008000a00                __aeabi_cdrcmple
                0x0000000008000a10                __aeabi_cdcmpeq
                0x0000000008000a10                __aeabi_cdcmple
                0x0000000008000a20                __aeabi_dcmpeq
                0x0000000008000a34                __aeabi_dcmplt
                0x0000000008000a48                __aeabi_dcmple
                0x0000000008000a5c                __aeabi_dcmpge
                0x0000000008000a70                __aeabi_dcmpgt
 .text          0x0000000008000a84       0x2c d:/program files (x86)/stm32cubeide_1.0.2/stm32cubeide/plugins/com.st.stm32cube.ide.mcu.externaltools.gnu-tools-for-stm32.7-2018-q2-update.win32_1.0.0.201904181610/tools/bin/../lib/gcc/arm-none-eabi/7.3.1/thumb/v7e-m/fpv4-sp/hard\libgcc.a(_arm_unorddf2.o)
                0x0000000008000a84                __unorddf2
                0x0000000008000a84                __aeabi_dcmpun
 .text          0x0000000008000ab0       0x50 d:/program files (x86)/stm32cubeide_1.0.2/stm32cubeide/plugins/com.st.stm32cube.ide.mcu.externaltools.gnu-tools-for-stm32.7-2018-q2-update.win32_1.0.0.201904181610/tools/bin/../lib/gcc/arm-none-eabi/7.3.1/thumb/v7e-m/fpv4-sp/hard\libgcc.a(_arm_fixdfsi.o)
                0x0000000008000ab0                __aeabi_d2iz
                0x0000000008000ab0                __fixdfsi
 .text          0x0000000008000b00       0x30 d:/program files (x86)/stm32cubeide_1.0.2/stm32cubeide/plugins/com.st.stm32cube.ide.mcu.externaltools.gnu-tools-for-stm32.7-2018-q2-update.win32_1.0.0.201904181610/tools/bin/../lib/gcc/arm-none-eabi/7.3.1/thumb/v7e-m/fpv4-sp/hard\libgcc.a(_aeabi_uldivmod.o)
                0x0000000008000b00                __aeabi_uldivmod
 .text          0x0000000008000b30      0x2cc d:/program files (x86)/stm32cubeide_1.0.2/stm32cubeide/plugins/com.st.stm32cube.ide.mcu.externaltools.gnu-tools-for-stm32.7-2018-q2-update.win32_1.0.0.201904181610/tools/bin/../lib/gcc/arm-none-eabi/7.3.1/thumb/v7e-m/fpv4-sp/hard\libgcc.a(_udivmoddi4.o)
                0x0000000008000b30                __udivmoddi4
 .text          0x0000000008000dfc        0x4 d:/program files (x86)/stm32cubeide_1.0.2/stm32cubeide/plugins/com.st.stm32cube.ide.mcu.externaltools.gnu-tools-for-stm32.7-2018-q2-update.win32_1.0.0.201904181610/tools/bin/../lib/gcc/arm-none-eabi/7.3.1/thumb/v7e-m/fpv4-sp/hard\libgcc.a(_dvmd_tls.o)
                0x0000000008000dfc                __aeabi_idiv0
                0x0000000008000dfc                __aeabi_ldiv0
 *(.text*)
 .text.MX_DMA_Init
                0x0000000008000e00       0x40 Core/Src/dma.o
                0x0000000008000e00                MX_DMA_Init
 .text.MX_GPIO_Init
                0x0000000008000e40       0xa4 Core/Src/gpio.o
                0x0000000008000e40                MX_GPIO_Init
 .text.MSC_Application
                0x0000000008000ee4       0x94 Core/Src/main.o
 .text.main     0x0000000008000f78       0x64 Core/Src/main.o
                0x0000000008000f78                main
 .text.SystemClock_Config
                0x0000000008000fdc       0xd4 Core/Src/main.o
                0x0000000008000fdc                SystemClock_Config
 .text.Error_Handler
                0x00000000080010b0        0xe Core/Src/main.o
                0x00000000080010b0                Error_Handler
 *fill*         0x00000000080010be        0x2 
 .text.HAL_MspInit
                0x00000000080010c0       0x50 Core/Src/stm32f4xx_hal_msp.o
                0x00000000080010c0                HAL_MspInit
 .text.NMI_Handler
                0x0000000008001110        0xe Core/Src/stm32f4xx_it.o
                0x0000000008001110                NMI_Handler
 .text.HardFault_Handler
                0x000000000800111e        0x6 Core/Src/stm32f4xx_it.o
                0x000000000800111e                HardFault_Handler
 .text.MemManage_Handler
                0x0000000008001124        0x6 Core/Src/stm32f4xx_it.o
                0x0000000008001124                MemManage_Handler
 .text.BusFault_Handler
                0x000000000800112a        0x6 Core/Src/stm32f4xx_it.o
                0x000000000800112a                BusFault_Handler
 .text.UsageFault_Handler
                0x0000000008001130        0x6 Core/Src/stm32f4xx_it.o
                0x0000000008001130                UsageFault_Handler
 .text.SVC_Handler
                0x0000000008001136        0xe Core/Src/stm32f4xx_it.o
                0x0000000008001136                SVC_Handler
 .text.DebugMon_Handler
                0x0000000008001144        0xe Core/Src/stm32f4xx_it.o
                0x0000000008001144                DebugMon_Handler
 .text.PendSV_Handler
                0x0000000008001152        0xe Core/Src/stm32f4xx_it.o
                0x0000000008001152                PendSV_Handler
 .text.SysTick_Handler
                0x0000000008001160        0xc Core/Src/stm32f4xx_it.o
                0x0000000008001160                SysTick_Handler
 .text.USART1_IRQHandler
                0x000000000800116c       0x14 Core/Src/stm32f4xx_it.o
                0x000000000800116c                USART1_IRQHandler
 .text.DMA2_Stream2_IRQHandler
                0x0000000008001180       0x14 Core/Src/stm32f4xx_it.o
                0x0000000008001180                DMA2_Stream2_IRQHandler
 .text.OTG_FS_IRQHandler
                0x0000000008001194       0x14 Core/Src/stm32f4xx_it.o
                0x0000000008001194                OTG_FS_IRQHandler
 .text.SystemInit
                0x00000000080011a8       0x6c Core/Src/system_stm32f4xx.o
                0x00000000080011a8                SystemInit
 .text.MX_USART1_UART_Init
                0x0000000008001214       0x54 Core/Src/usart.o
                0x0000000008001214                MX_USART1_UART_Init
 .text.HAL_UART_MspInit
                0x0000000008001268      0x104 Core/Src/usart.o
                0x0000000008001268                HAL_UART_MspInit
 .text.Reset_Handler
                0x000000000800136c       0x50 Core/Startup/startup_stm32f407zgtx.o
                0x000000000800136c                Reset_Handler
 .text.Default_Handler
                0x00000000080013bc        0x2 Core/Startup/startup_stm32f407zgtx.o
                0x00000000080013bc                RTC_Alarm_IRQHandler
                0x00000000080013bc                HASH_RNG_IRQHandler
                0x00000000080013bc                EXTI2_IRQHandler
                0x00000000080013bc                TIM8_CC_IRQHandler
                0x00000000080013bc                TIM1_CC_IRQHandler
                0x00000000080013bc                DMA2_Stream5_IRQHandler
                0x00000000080013bc                DMA1_Stream5_IRQHandler
                0x00000000080013bc                PVD_IRQHandler
                0x00000000080013bc                SDIO_IRQHandler
                0x00000000080013bc                TAMP_STAMP_IRQHandler
                0x00000000080013bc                CAN2_RX1_IRQHandler
                0x00000000080013bc                EXTI3_IRQHandler
                0x00000000080013bc                TIM8_TRG_COM_TIM14_IRQHandler
                0x00000000080013bc                TIM1_UP_TIM10_IRQHandler
                0x00000000080013bc                TIM8_UP_TIM13_IRQHandler
                0x00000000080013bc                I2C3_ER_IRQHandler
                0x00000000080013bc                EXTI0_IRQHandler
                0x00000000080013bc                I2C2_EV_IRQHandler
                0x00000000080013bc                DMA1_Stream2_IRQHandler
                0x00000000080013bc                CAN1_RX0_IRQHandler
                0x00000000080013bc                FPU_IRQHandler
                0x00000000080013bc                OTG_HS_WKUP_IRQHandler
                0x00000000080013bc                CAN2_SCE_IRQHandler
                0x00000000080013bc                SPI1_IRQHandler
                0x00000000080013bc                TIM6_DAC_IRQHandler
                0x00000000080013bc                TIM1_BRK_TIM9_IRQHandler
                0x00000000080013bc                DCMI_IRQHandler
                0x00000000080013bc                CAN2_RX0_IRQHandler
                0x00000000080013bc                DMA2_Stream3_IRQHandler
                0x00000000080013bc                USART6_IRQHandler
                0x00000000080013bc                USART3_IRQHandler
                0x00000000080013bc                CAN1_RX1_IRQHandler
                0x00000000080013bc                UART5_IRQHandler
                0x00000000080013bc                DMA2_Stream0_IRQHandler
                0x00000000080013bc                TIM4_IRQHandler
                0x00000000080013bc                I2C1_EV_IRQHandler
                0x00000000080013bc                DMA1_Stream6_IRQHandler
                0x00000000080013bc                DMA1_Stream1_IRQHandler
                0x00000000080013bc                UART4_IRQHandler
                0x00000000080013bc                TIM3_IRQHandler
                0x00000000080013bc                RCC_IRQHandler
                0x00000000080013bc                TIM8_BRK_TIM12_IRQHandler
                0x00000000080013bc                Default_Handler
                0x00000000080013bc                EXTI15_10_IRQHandler
                0x00000000080013bc                ADC_IRQHandler
                0x00000000080013bc                DMA1_Stream7_IRQHandler
                0x00000000080013bc                TIM7_IRQHandler
                0x00000000080013bc                CAN2_TX_IRQHandler
                0x00000000080013bc                TIM5_IRQHandler
                0x00000000080013bc                DMA2_Stream7_IRQHandler
                0x00000000080013bc                I2C3_EV_IRQHandler
                0x00000000080013bc                EXTI9_5_IRQHandler
                0x00000000080013bc                RTC_WKUP_IRQHandler
                0x00000000080013bc                ETH_WKUP_IRQHandler
                0x00000000080013bc                SPI2_IRQHandler
                0x00000000080013bc                OTG_HS_EP1_IN_IRQHandler
                0x00000000080013bc                DMA1_Stream0_IRQHandler
                0x00000000080013bc                CAN1_TX_IRQHandler
                0x00000000080013bc                EXTI4_IRQHandler
                0x00000000080013bc                FSMC_IRQHandler
                0x00000000080013bc                ETH_IRQHandler
                0x00000000080013bc                OTG_HS_EP1_OUT_IRQHandler
                0x00000000080013bc                WWDG_IRQHandler
                0x00000000080013bc                TIM2_IRQHandler
                0x00000000080013bc                OTG_FS_WKUP_IRQHandler
                0x00000000080013bc                TIM1_TRG_COM_TIM11_IRQHandler
                0x00000000080013bc                OTG_HS_IRQHandler
                0x00000000080013bc                EXTI1_IRQHandler
                0x00000000080013bc                USART2_IRQHandler
                0x00000000080013bc                I2C2_ER_IRQHandler
                0x00000000080013bc                DMA2_Stream1_IRQHandler
                0x00000000080013bc                CAN1_SCE_IRQHandler
                0x00000000080013bc                FLASH_IRQHandler
                0x00000000080013bc                DMA2_Stream4_IRQHandler
                0x00000000080013bc                SPI3_IRQHandler
                0x00000000080013bc                DMA1_Stream4_IRQHandler
                0x00000000080013bc                I2C1_ER_IRQHandler
                0x00000000080013bc                DMA2_Stream6_IRQHandler
                0x00000000080013bc                DMA1_Stream3_IRQHandler
 *fill*         0x00000000080013be        0x2 
 .text.HAL_Init
                0x00000000080013c0       0x44 Drivers/STM32F4xx_HAL_Driver/Src/stm32f4xx_hal.o
                0x00000000080013c0                HAL_Init
 .text.HAL_InitTick
                0x0000000008001404       0x60 Drivers/STM32F4xx_HAL_Driver/Src/stm32f4xx_hal.o
                0x0000000008001404                HAL_InitTick
 .text.HAL_IncTick
                0x0000000008001464       0x28 Drivers/STM32F4xx_HAL_Driver/Src/stm32f4xx_hal.o
                0x0000000008001464                HAL_IncTick
 .text.HAL_GetTick
                0x000000000800148c       0x18 Drivers/STM32F4xx_HAL_Driver/Src/stm32f4xx_hal.o
                0x000000000800148c                HAL_GetTick
 .text.HAL_Delay
                0x00000000080014a4       0x44 Drivers/STM32F4xx_HAL_Driver/Src/stm32f4xx_hal.o
                0x00000000080014a4                HAL_Delay
 .text.__NVIC_SetPriorityGrouping
                0x00000000080014e8       0x48 Drivers/STM32F4xx_HAL_Driver/Src/stm32f4xx_hal_cortex.o
 .text.__NVIC_GetPriorityGrouping
                0x0000000008001530       0x1c Drivers/STM32F4xx_HAL_Driver/Src/stm32f4xx_hal_cortex.o
 .text.__NVIC_EnableIRQ
                0x000000000800154c       0x3c Drivers/STM32F4xx_HAL_Driver/Src/stm32f4xx_hal_cortex.o
 .text.__NVIC_SetPriority
                0x0000000008001588       0x54 Drivers/STM32F4xx_HAL_Driver/Src/stm32f4xx_hal_cortex.o
 .text.NVIC_EncodePriority
                0x00000000080015dc       0x66 Drivers/STM32F4xx_HAL_Driver/Src/stm32f4xx_hal_cortex.o
 *fill*         0x0000000008001642        0x2 
 .text.SysTick_Config
                0x0000000008001644       0x44 Drivers/STM32F4xx_HAL_Driver/Src/stm32f4xx_hal_cortex.o
 .text.HAL_NVIC_SetPriorityGrouping
                0x0000000008001688       0x16 Drivers/STM32F4xx_HAL_Driver/Src/stm32f4xx_hal_cortex.o
                0x0000000008001688                HAL_NVIC_SetPriorityGrouping
 .text.HAL_NVIC_SetPriority
                0x000000000800169e       0x38 Drivers/STM32F4xx_HAL_Driver/Src/stm32f4xx_hal_cortex.o
                0x000000000800169e                HAL_NVIC_SetPriority
 .text.HAL_NVIC_EnableIRQ
                0x00000000080016d6       0x1c Drivers/STM32F4xx_HAL_Driver/Src/stm32f4xx_hal_cortex.o
                0x00000000080016d6                HAL_NVIC_EnableIRQ
 .text.HAL_SYSTICK_Config
                0x00000000080016f2       0x18 Drivers/STM32F4xx_HAL_Driver/Src/stm32f4xx_hal_cortex.o
                0x00000000080016f2                HAL_SYSTICK_Config
 *fill*         0x000000000800170a        0x2 
 .text.HAL_DMA_Init
                0x000000000800170c      0x15c Drivers/STM32F4xx_HAL_Driver/Src/stm32f4xx_hal_dma.o
                0x000000000800170c                HAL_DMA_Init
 .text.HAL_DMA_Abort_IT
                0x0000000008001868       0x44 Drivers/STM32F4xx_HAL_Driver/Src/stm32f4xx_hal_dma.o
                0x0000000008001868                HAL_DMA_Abort_IT
 .text.HAL_DMA_IRQHandler
                0x00000000080018ac      0x314 Drivers/STM32F4xx_HAL_Driver/Src/stm32f4xx_hal_dma.o
                0x00000000080018ac                HAL_DMA_IRQHandler
 .text.DMA_CalcBaseAndBitshift
                0x0000000008001bc0       0x6c Drivers/STM32F4xx_HAL_Driver/Src/stm32f4xx_hal_dma.o
 .text.DMA_CheckFifoParam
                0x0000000008001c2c       0xf4 Drivers/STM32F4xx_HAL_Driver/Src/stm32f4xx_hal_dma.o
 .text.HAL_GPIO_Init
                0x0000000008001d20      0x334 Drivers/STM32F4xx_HAL_Driver/Src/stm32f4xx_hal_gpio.o
                0x0000000008001d20                HAL_GPIO_Init
 .text.HAL_GPIO_WritePin
                0x0000000008002054       0x32 Drivers/STM32F4xx_HAL_Driver/Src/stm32f4xx_hal_gpio.o
                0x0000000008002054                HAL_GPIO_WritePin
 .text.HAL_HCD_Init
                0x0000000008002086       0xc4 Drivers/STM32F4xx_HAL_Driver/Src/stm32f4xx_hal_hcd.o
                0x0000000008002086                HAL_HCD_Init
 .text.HAL_HCD_HC_Init
                0x000000000800214a      0x130 Drivers/STM32F4xx_HAL_Driver/Src/stm32f4xx_hal_hcd.o
                0x000000000800214a                HAL_HCD_HC_Init
 .text.HAL_HCD_HC_Halt
                0x000000000800227a       0x46 Drivers/STM32F4xx_HAL_Driver/Src/stm32f4xx_hal_hcd.o
                0x000000000800227a                HAL_HCD_HC_Halt
 .text.HAL_HCD_HC_SubmitRequest
                0x00000000080022c0      0x2d0 Drivers/STM32F4xx_HAL_Driver/Src/stm32f4xx_hal_hcd.o
                0x00000000080022c0                HAL_HCD_HC_SubmitRequest
 .text.HAL_HCD_IRQHandler
                0x0000000008002590      0x20c Drivers/STM32F4xx_HAL_Driver/Src/stm32f4xx_hal_hcd.o
                0x0000000008002590                HAL_HCD_IRQHandler
 .text.HAL_HCD_Start
                0x000000000800279c       0x46 Drivers/STM32F4xx_HAL_Driver/Src/stm32f4xx_hal_hcd.o
                0x000000000800279c                HAL_HCD_Start
 .text.HAL_HCD_Stop
                0x00000000080027e2       0x3a Drivers/STM32F4xx_HAL_Driver/Src/stm32f4xx_hal_hcd.o
                0x00000000080027e2                HAL_HCD_Stop
 .text.HAL_HCD_ResetPort
                0x000000000800281c       0x1c Drivers/STM32F4xx_HAL_Driver/Src/stm32f4xx_hal_hcd.o
                0x000000000800281c                HAL_HCD_ResetPort
 .text.HAL_HCD_HC_GetURBState
                0x0000000008002838       0x2a Drivers/STM32F4xx_HAL_Driver/Src/stm32f4xx_hal_hcd.o
                0x0000000008002838                HAL_HCD_HC_GetURBState
 .text.HAL_HCD_HC_GetXferCount
                0x0000000008002862       0x2a Drivers/STM32F4xx_HAL_Driver/Src/stm32f4xx_hal_hcd.o
                0x0000000008002862                HAL_HCD_HC_GetXferCount
 .text.HAL_HCD_GetCurrentFrame
                0x000000000800288c       0x1c Drivers/STM32F4xx_HAL_Driver/Src/stm32f4xx_hal_hcd.o
                0x000000000800288c                HAL_HCD_GetCurrentFrame
 .text.HAL_HCD_GetCurrentSpeed
                0x00000000080028a8       0x1c Drivers/STM32F4xx_HAL_Driver/Src/stm32f4xx_hal_hcd.o
                0x00000000080028a8                HAL_HCD_GetCurrentSpeed
 .text.HCD_HC_IN_IRQHandler
                0x00000000080028c4      0x72e Drivers/STM32F4xx_HAL_Driver/Src/stm32f4xx_hal_hcd.o
 .text.HCD_HC_OUT_IRQHandler
                0x0000000008002ff2      0x6ea Drivers/STM32F4xx_HAL_Driver/Src/stm32f4xx_hal_hcd.o
 .text.HCD_RXQLVL_IRQHandler
                0x00000000080036dc      0x158 Drivers/STM32F4xx_HAL_Driver/Src/stm32f4xx_hal_hcd.o
 .text.HCD_Port_IRQHandler
                0x0000000008003834      0x120 Drivers/STM32F4xx_HAL_Driver/Src/stm32f4xx_hal_hcd.o
 .text.HAL_RCC_OscConfig
                0x0000000008003954      0x484 Drivers/STM32F4xx_HAL_Driver/Src/stm32f4xx_hal_rcc.o
                0x0000000008003954                HAL_RCC_OscConfig
 .text.HAL_RCC_ClockConfig
                0x0000000008003dd8      0x1c4 Drivers/STM32F4xx_HAL_Driver/Src/stm32f4xx_hal_rcc.o
                0x0000000008003dd8                HAL_RCC_ClockConfig
 .text.HAL_RCC_GetSysClockFreq
                0x0000000008003f9c      0x1b0 Drivers/STM32F4xx_HAL_Driver/Src/stm32f4xx_hal_rcc.o
                0x0000000008003f9c                HAL_RCC_GetSysClockFreq
 .text.HAL_RCC_GetHCLKFreq
                0x000000000800414c       0x18 Drivers/STM32F4xx_HAL_Driver/Src/stm32f4xx_hal_rcc.o
                0x000000000800414c                HAL_RCC_GetHCLKFreq
 .text.HAL_RCC_GetPCLK1Freq
                0x0000000008004164       0x28 Drivers/STM32F4xx_HAL_Driver/Src/stm32f4xx_hal_rcc.o
                0x0000000008004164                HAL_RCC_GetPCLK1Freq
 .text.HAL_RCC_GetPCLK2Freq
                0x000000000800418c       0x28 Drivers/STM32F4xx_HAL_Driver/Src/stm32f4xx_hal_rcc.o
                0x000000000800418c                HAL_RCC_GetPCLK2Freq
 .text.HAL_UART_Init
                0x00000000080041b4       0x9a Drivers/STM32F4xx_HAL_Driver/Src/stm32f4xx_hal_uart.o
                0x00000000080041b4                HAL_UART_Init
 *fill*         0x000000000800424e        0x2 
 .text.HAL_UART_IRQHandler
                0x0000000008004250      0x1f8 Drivers/STM32F4xx_HAL_Driver/Src/stm32f4xx_hal_uart.o
                0x0000000008004250                HAL_UART_IRQHandler
 .text.HAL_UART_TxCpltCallback
                0x0000000008004448       0x14 Drivers/STM32F4xx_HAL_Driver/Src/stm32f4xx_hal_uart.o
                0x0000000008004448                HAL_UART_TxCpltCallback
 .text.HAL_UART_RxCpltCallback
                0x000000000800445c       0x14 Drivers/STM32F4xx_HAL_Driver/Src/stm32f4xx_hal_uart.o
                0x000000000800445c                HAL_UART_RxCpltCallback
 .text.HAL_UART_ErrorCallback
                0x0000000008004470       0x14 Drivers/STM32F4xx_HAL_Driver/Src/stm32f4xx_hal_uart.o
                0x0000000008004470                HAL_UART_ErrorCallback
 .text.UART_EndRxTransfer
                0x0000000008004484       0x3c Drivers/STM32F4xx_HAL_Driver/Src/stm32f4xx_hal_uart.o
 .text.UART_DMAAbortOnError
                0x00000000080044c0       0x28 Drivers/STM32F4xx_HAL_Driver/Src/stm32f4xx_hal_uart.o
 .text.UART_Transmit_IT
                0x00000000080044e8       0xac Drivers/STM32F4xx_HAL_Driver/Src/stm32f4xx_hal_uart.o
 .text.UART_EndTransmit_IT
                0x0000000008004594       0x30 Drivers/STM32F4xx_HAL_Driver/Src/stm32f4xx_hal_uart.o
 .text.UART_Receive_IT
                0x00000000080045c4      0x102 Drivers/STM32F4xx_HAL_Driver/Src/stm32f4xx_hal_uart.o
 *fill*         0x00000000080046c6        0x2 
 .text.UART_SetConfig
                0x00000000080046c8      0x414 Drivers/STM32F4xx_HAL_Driver/Src/stm32f4xx_hal_uart.o
 .text.USB_CoreInit
                0x0000000008004adc       0xc2 Drivers/STM32F4xx_HAL_Driver/Src/stm32f4xx_ll_usb.o
                0x0000000008004adc                USB_CoreInit
 .text.USB_EnableGlobalInt
                0x0000000008004b9e       0x22 Drivers/STM32F4xx_HAL_Driver/Src/stm32f4xx_ll_usb.o
                0x0000000008004b9e                USB_EnableGlobalInt
 .text.USB_DisableGlobalInt
                0x0000000008004bc0       0x22 Drivers/STM32F4xx_HAL_Driver/Src/stm32f4xx_ll_usb.o
                0x0000000008004bc0                USB_DisableGlobalInt
 .text.USB_SetCurrentMode
                0x0000000008004be2       0x54 Drivers/STM32F4xx_HAL_Driver/Src/stm32f4xx_ll_usb.o
                0x0000000008004be2                USB_SetCurrentMode
 *fill*         0x0000000008004c36        0x2 
 .text.USB_FlushTxFifo
                0x0000000008004c38       0x4c Drivers/STM32F4xx_HAL_Driver/Src/stm32f4xx_ll_usb.o
                0x0000000008004c38                USB_FlushTxFifo
 .text.USB_FlushRxFifo
                0x0000000008004c84       0x44 Drivers/STM32F4xx_HAL_Driver/Src/stm32f4xx_ll_usb.o
                0x0000000008004c84                USB_FlushRxFifo
 .text.USB_WritePacket
                0x0000000008004cc8       0x6a Drivers/STM32F4xx_HAL_Driver/Src/stm32f4xx_ll_usb.o
                0x0000000008004cc8                USB_WritePacket
 .text.USB_ReadPacket
                0x0000000008004d32       0x52 Drivers/STM32F4xx_HAL_Driver/Src/stm32f4xx_ll_usb.o
                0x0000000008004d32                USB_ReadPacket
 .text.USB_ReadInterrupts
                0x0000000008004d84       0x26 Drivers/STM32F4xx_HAL_Driver/Src/stm32f4xx_ll_usb.o
                0x0000000008004d84                USB_ReadInterrupts
 .text.USB_GetMode
                0x0000000008004daa       0x1c Drivers/STM32F4xx_HAL_Driver/Src/stm32f4xx_ll_usb.o
                0x0000000008004daa                USB_GetMode
 *fill*         0x0000000008004dc6        0x2 
 .text.USB_CoreReset
                0x0000000008004dc8       0x68 Drivers/STM32F4xx_HAL_Driver/Src/stm32f4xx_ll_usb.o
 .text.USB_HostInit
                0x0000000008004e30      0x178 Drivers/STM32F4xx_HAL_Driver/Src/stm32f4xx_ll_usb.o
                0x0000000008004e30                USB_HostInit
 .text.USB_InitFSLSPClkSel
                0x0000000008004fa8       0x74 Drivers/STM32F4xx_HAL_Driver/Src/stm32f4xx_ll_usb.o
                0x0000000008004fa8                USB_InitFSLSPClkSel
 .text.USB_ResetPort
                0x000000000800501c       0x54 Drivers/STM32F4xx_HAL_Driver/Src/stm32f4xx_ll_usb.o
                0x000000000800501c                USB_ResetPort
 .text.USB_DriveVbus
                0x0000000008005070       0x72 Drivers/STM32F4xx_HAL_Driver/Src/stm32f4xx_ll_usb.o
                0x0000000008005070                USB_DriveVbus
 .text.USB_GetHostSpeed
                0x00000000080050e2       0x2e Drivers/STM32F4xx_HAL_Driver/Src/stm32f4xx_ll_usb.o
                0x00000000080050e2                USB_GetHostSpeed
 .text.USB_GetCurrentFrame
                0x0000000008005110       0x22 Drivers/STM32F4xx_HAL_Driver/Src/stm32f4xx_ll_usb.o
                0x0000000008005110                USB_GetCurrentFrame
 *fill*         0x0000000008005132        0x2 
 .text.USB_HC_Init
                0x0000000008005134      0x214 Drivers/STM32F4xx_HAL_Driver/Src/stm32f4xx_ll_usb.o
                0x0000000008005134                USB_HC_Init
 .text.USB_HC_StartXfer
                0x0000000008005348      0x288 Drivers/STM32F4xx_HAL_Driver/Src/stm32f4xx_ll_usb.o
                0x0000000008005348                USB_HC_StartXfer
 .text.USB_HC_ReadInterrupt
                0x00000000080055d0       0x22 Drivers/STM32F4xx_HAL_Driver/Src/stm32f4xx_ll_usb.o
                0x00000000080055d0                USB_HC_ReadInterrupt
 .text.USB_HC_Halt
                0x00000000080055f2      0x1fe Drivers/STM32F4xx_HAL_Driver/Src/stm32f4xx_ll_usb.o
                0x00000000080055f2                USB_HC_Halt
 .text.USB_DoPing
                0x00000000080057f0       0x78 Drivers/STM32F4xx_HAL_Driver/Src/stm32f4xx_ll_usb.o
                0x00000000080057f0                USB_DoPing
 .text.USB_StopHost
                0x0000000008005868      0x10c Drivers/STM32F4xx_HAL_Driver/Src/stm32f4xx_ll_usb.o
                0x0000000008005868                USB_StopHost
 .text.MX_FATFS_Init
                0x0000000008005974       0x24 FATFS/App/fatfs.o
                0x0000000008005974                MX_FATFS_Init
 .text.get_fattime
                0x0000000008005998       0x10 FATFS/App/fatfs.o
                0x0000000008005998                get_fattime
 .text.USBH_initialize
                0x00000000080059a8       0x18 FATFS/Target/usbh_diskio.o
                0x00000000080059a8                USBH_initialize
 .text.USBH_status
                0x00000000080059c0       0x38 FATFS/Target/usbh_diskio.o
                0x00000000080059c0                USBH_status
 .text.USBH_read
                0x00000000080059f8       0x70 FATFS/Target/usbh_diskio.o
                0x00000000080059f8                USBH_read
 .text.USBH_write
                0x0000000008005a68       0x84 FATFS/Target/usbh_diskio.o
                0x0000000008005a68                USBH_write
 .text.USBH_ioctl
                0x0000000008005aec       0xd8 FATFS/Target/usbh_diskio.o
                0x0000000008005aec                USBH_ioctl
 .text.USBH_MSC_InterfaceInit
                0x0000000008005bc4      0x254 Middlewares/ST/STM32_USB_Host_Library/Class/MSC/Src/usbh_msc.o
 .text.USBH_MSC_InterfaceDeInit
                0x0000000008005e18       0x8c Middlewares/ST/STM32_USB_Host_Library/Class/MSC/Src/usbh_msc.o
 .text.USBH_MSC_ClassRequest
                0x0000000008005ea4       0xc8 Middlewares/ST/STM32_USB_Host_Library/Class/MSC/Src/usbh_msc.o
 .text.USBH_MSC_Process
                0x0000000008005f6c      0x520 Middlewares/ST/STM32_USB_Host_Library/Class/MSC/Src/usbh_msc.o
 .text.USBH_MSC_SOFProcess
                0x000000000800648c       0x16 Middlewares/ST/STM32_USB_Host_Library/Class/MSC/Src/usbh_msc.o
 .text.USBH_MSC_RdWrProcess
                0x00000000080064a2      0x194 Middlewares/ST/STM32_USB_Host_Library/Class/MSC/Src/usbh_msc.o
 .text.USBH_MSC_UnitIsReady
                0x0000000008006636       0x4c Middlewares/ST/STM32_USB_Host_Library/Class/MSC/Src/usbh_msc.o
                0x0000000008006636                USBH_MSC_UnitIsReady
 .text.USBH_MSC_GetLUNInfo
                0x0000000008006682       0x48 Middlewares/ST/STM32_USB_Host_Library/Class/MSC/Src/usbh_msc.o
                0x0000000008006682                USBH_MSC_GetLUNInfo
 .text.USBH_MSC_Read
                0x00000000080066ca       0xd2 Middlewares/ST/STM32_USB_Host_Library/Class/MSC/Src/usbh_msc.o
                0x00000000080066ca                USBH_MSC_Read
 .text.USBH_MSC_Write
                0x000000000800679c       0xd2 Middlewares/ST/STM32_USB_Host_Library/Class/MSC/Src/usbh_msc.o
                0x000000000800679c                USBH_MSC_Write
 .text.USBH_MSC_BOT_REQ_Reset
                0x000000000800686e       0x3a Middlewares/ST/STM32_USB_Host_Library/Class/MSC/Src/usbh_msc_bot.o
                0x000000000800686e                USBH_MSC_BOT_REQ_Reset
 .text.USBH_MSC_BOT_REQ_GetMaxLUN
                0x00000000080068a8       0x3c Middlewares/ST/STM32_USB_Host_Library/Class/MSC/Src/usbh_msc_bot.o
                0x00000000080068a8                USBH_MSC_BOT_REQ_GetMaxLUN
 .text.USBH_MSC_BOT_Init
                0x00000000080068e4       0x44 Middlewares/ST/STM32_USB_Host_Library/Class/MSC/Src/usbh_msc_bot.o
                0x00000000080068e4                USBH_MSC_BOT_Init
 .text.USBH_MSC_BOT_Process
                0x0000000008006928      0x3a4 Middlewares/ST/STM32_USB_Host_Library/Class/MSC/Src/usbh_msc_bot.o
                0x0000000008006928                USBH_MSC_BOT_Process
 .text.USBH_MSC_BOT_Abort
                0x0000000008006ccc       0x58 Middlewares/ST/STM32_USB_Host_Library/Class/MSC/Src/usbh_msc_bot.o
 .text.USBH_MSC_DecodeCSW
                0x0000000008006d24       0x88 Middlewares/ST/STM32_USB_Host_Library/Class/MSC/Src/usbh_msc_bot.o
 .text.USBH_MSC_SCSI_TestUnitReady
                0x0000000008006dac       0x86 Middlewares/ST/STM32_USB_Host_Library/Class/MSC/Src/usbh_msc_scsi.o
                0x0000000008006dac                USBH_MSC_SCSI_TestUnitReady
 .text.USBH_MSC_SCSI_ReadCapacity
                0x0000000008006e32       0xf6 Middlewares/ST/STM32_USB_Host_Library/Class/MSC/Src/usbh_msc_scsi.o
                0x0000000008006e32                USBH_MSC_SCSI_ReadCapacity
 .text.USBH_MSC_SCSI_Inquiry
                0x0000000008006f28      0x14a Middlewares/ST/STM32_USB_Host_Library/Class/MSC/Src/usbh_msc_scsi.o
                0x0000000008006f28                USBH_MSC_SCSI_Inquiry
 .text.USBH_MSC_SCSI_RequestSense
                0x0000000008007072       0xf2 Middlewares/ST/STM32_USB_Host_Library/Class/MSC/Src/usbh_msc_scsi.o
                0x0000000008007072                USBH_MSC_SCSI_RequestSense
 .text.USBH_MSC_SCSI_Write
                0x0000000008007164       0xd6 Middlewares/ST/STM32_USB_Host_Library/Class/MSC/Src/usbh_msc_scsi.o
                0x0000000008007164                USBH_MSC_SCSI_Write
 .text.USBH_MSC_SCSI_Read
                0x000000000800723a       0xd6 Middlewares/ST/STM32_USB_Host_Library/Class/MSC/Src/usbh_msc_scsi.o
                0x000000000800723a                USBH_MSC_SCSI_Read
 .text.USBH_Init
                0x0000000008007310       0x54 Middlewares/ST/STM32_USB_Host_Library/Core/Src/usbh_core.o
                0x0000000008007310                USBH_Init
 .text.DeInitStateMachine
                0x0000000008007364       0x92 Middlewares/ST/STM32_USB_Host_Library/Core/Src/usbh_core.o
 .text.USBH_RegisterClass
                0x00000000080073f6       0x56 Middlewares/ST/STM32_USB_Host_Library/Core/Src/usbh_core.o
                0x00000000080073f6                USBH_RegisterClass
 .text.USBH_SelectInterface
                0x000000000800744c       0x38 Middlewares/ST/STM32_USB_Host_Library/Core/Src/usbh_core.o
                0x000000000800744c                USBH_SelectInterface
 .text.USBH_FindInterface
                0x0000000008007484       0x8c Middlewares/ST/STM32_USB_Host_Library/Core/Src/usbh_core.o
                0x0000000008007484                USBH_FindInterface
 .text.USBH_Start
                0x0000000008007510       0x20 Middlewares/ST/STM32_USB_Host_Library/Core/Src/usbh_core.o
                0x0000000008007510                USBH_Start
 .text.USBH_Process
                0x0000000008007530      0x310 Middlewares/ST/STM32_USB_Host_Library/Core/Src/usbh_core.o
                0x0000000008007530                USBH_Process
 .text.USBH_HandleEnum
                0x0000000008007840      0x234 Middlewares/ST/STM32_USB_Host_Library/Core/Src/usbh_core.o
 .text.USBH_LL_SetTimer
                0x0000000008007a74       0x1e Middlewares/ST/STM32_USB_Host_Library/Core/Src/usbh_core.o
                0x0000000008007a74                USBH_LL_SetTimer
 .text.USBH_LL_IncTimer
                0x0000000008007a92       0x24 Middlewares/ST/STM32_USB_Host_Library/Core/Src/usbh_core.o
                0x0000000008007a92                USBH_LL_IncTimer
 .text.USBH_HandleSof
                0x0000000008007ab6       0x30 Middlewares/ST/STM32_USB_Host_Library/Core/Src/usbh_core.o
 .text.USBH_LL_PortEnabled
                0x0000000008007ae6       0x1c Middlewares/ST/STM32_USB_Host_Library/Core/Src/usbh_core.o
                0x0000000008007ae6                USBH_LL_PortEnabled
 .text.USBH_LL_PortDisabled
                0x0000000008007b02       0x1c Middlewares/ST/STM32_USB_Host_Library/Core/Src/usbh_core.o
                0x0000000008007b02                USBH_LL_PortDisabled
 .text.USBH_IsPortEnabled
                0x0000000008007b1e       0x1a Middlewares/ST/STM32_USB_Host_Library/Core/Src/usbh_core.o
                0x0000000008007b1e                USBH_IsPortEnabled
 .text.USBH_LL_Connect
                0x0000000008007b38       0x4c Middlewares/ST/STM32_USB_Host_Library/Core/Src/usbh_core.o
                0x0000000008007b38                USBH_LL_Connect
 .text.USBH_LL_Disconnect
                0x0000000008007b84       0x5a Middlewares/ST/STM32_USB_Host_Library/Core/Src/usbh_core.o
                0x0000000008007b84                USBH_LL_Disconnect
 .text.USBH_Get_DevDesc
                0x0000000008007bde       0x50 Middlewares/ST/STM32_USB_Host_Library/Core/Src/usbh_ctlreq.o
                0x0000000008007bde                USBH_Get_DevDesc
 .text.USBH_Get_CfgDesc
                0x0000000008007c2e       0x48 Middlewares/ST/STM32_USB_Host_Library/Core/Src/usbh_ctlreq.o
                0x0000000008007c2e                USBH_Get_CfgDesc
 .text.USBH_Get_StringDesc
                0x0000000008007c76       0x56 Middlewares/ST/STM32_USB_Host_Library/Core/Src/usbh_ctlreq.o
                0x0000000008007c76                USBH_Get_StringDesc
 .text.USBH_GetDescriptor
                0x0000000008007ccc       0x6a Middlewares/ST/STM32_USB_Host_Library/Core/Src/usbh_ctlreq.o
                0x0000000008007ccc                USBH_GetDescriptor
 .text.USBH_SetAddress
                0x0000000008007d36       0x48 Middlewares/ST/STM32_USB_Host_Library/Core/Src/usbh_ctlreq.o
                0x0000000008007d36                USBH_SetAddress
 .text.USBH_SetCfg
                0x0000000008007d7e       0x46 Middlewares/ST/STM32_USB_Host_Library/Core/Src/usbh_ctlreq.o
                0x0000000008007d7e                USBH_SetCfg
 .text.USBH_SetFeature
                0x0000000008007dc4       0x48 Middlewares/ST/STM32_USB_Host_Library/Core/Src/usbh_ctlreq.o
                0x0000000008007dc4                USBH_SetFeature
 .text.USBH_ClrFeature
                0x0000000008007e0c       0x48 Middlewares/ST/STM32_USB_Host_Library/Core/Src/usbh_ctlreq.o
                0x0000000008007e0c                USBH_ClrFeature
 .text.USBH_ParseDevDesc
                0x0000000008007e54       0xe0 Middlewares/ST/STM32_USB_Host_Library/Core/Src/usbh_ctlreq.o
 .text.USBH_ParseCfgDesc
                0x0000000008007f34      0x144 Middlewares/ST/STM32_USB_Host_Library/Core/Src/usbh_ctlreq.o
 .text.USBH_ParseInterfaceDesc
                0x0000000008008078       0x5e Middlewares/ST/STM32_USB_Host_Library/Core/Src/usbh_ctlreq.o
 .text.USBH_ParseEPDesc
                0x00000000080080d6       0x5a Middlewares/ST/STM32_USB_Host_Library/Core/Src/usbh_ctlreq.o
 .text.USBH_ParseStringDesc
                0x0000000008008130       0x66 Middlewares/ST/STM32_USB_Host_Library/Core/Src/usbh_ctlreq.o
 .text.USBH_GetNextDesc
                0x0000000008008196       0x36 Middlewares/ST/STM32_USB_Host_Library/Core/Src/usbh_ctlreq.o
                0x0000000008008196                USBH_GetNextDesc
 .text.USBH_CtlReq
                0x00000000080081cc       0x94 Middlewares/ST/STM32_USB_Host_Library/Core/Src/usbh_ctlreq.o
                0x00000000080081cc                USBH_CtlReq
 .text.USBH_HandleControl
                0x0000000008008260      0x2d4 Middlewares/ST/STM32_USB_Host_Library/Core/Src/usbh_ctlreq.o
 .text.USBH_CtlSendSetup
                0x0000000008008534       0x34 Middlewares/ST/STM32_USB_Host_Library/Core/Src/usbh_ioreq.o
                0x0000000008008534                USBH_CtlSendSetup
 .text.USBH_CtlSendData
                0x0000000008008568       0x4a Middlewares/ST/STM32_USB_Host_Library/Core/Src/usbh_ioreq.o
                0x0000000008008568                USBH_CtlSendData
 .text.USBH_CtlReceiveData
                0x00000000080085b2       0x3c Middlewares/ST/STM32_USB_Host_Library/Core/Src/usbh_ioreq.o
                0x00000000080085b2                USBH_CtlReceiveData
 .text.USBH_BulkSendData
                0x00000000080085ee       0x4a Middlewares/ST/STM32_USB_Host_Library/Core/Src/usbh_ioreq.o
                0x00000000080085ee                USBH_BulkSendData
 .text.USBH_BulkReceiveData
                0x0000000008008638       0x3c Middlewares/ST/STM32_USB_Host_Library/Core/Src/usbh_ioreq.o
                0x0000000008008638                USBH_BulkReceiveData
 .text.USBH_OpenPipe
                0x0000000008008674       0x3e Middlewares/ST/STM32_USB_Host_Library/Core/Src/usbh_pipes.o
                0x0000000008008674                USBH_OpenPipe
 .text.USBH_ClosePipe
                0x00000000080086b2       0x20 Middlewares/ST/STM32_USB_Host_Library/Core/Src/usbh_pipes.o
                0x00000000080086b2                USBH_ClosePipe
 .text.USBH_AllocPipe
                0x00000000080086d2       0x3c Middlewares/ST/STM32_USB_Host_Library/Core/Src/usbh_pipes.o
                0x00000000080086d2                USBH_AllocPipe
 .text.USBH_FreePipe
                0x000000000800870e       0x38 Middlewares/ST/STM32_USB_Host_Library/Core/Src/usbh_pipes.o
                0x000000000800870e                USBH_FreePipe
 .text.USBH_GetFreePipe
                0x0000000008008746       0x46 Middlewares/ST/STM32_USB_Host_Library/Core/Src/usbh_pipes.o
 .text.disk_status
                0x000000000800878c       0x34 Middlewares/Third_Party/FatFs/src/diskio.o
                0x000000000800878c                disk_status
 .text.disk_initialize
                0x00000000080087c0       0x4c Middlewares/Third_Party/FatFs/src/diskio.o
                0x00000000080087c0                disk_initialize
 .text.disk_read
                0x000000000800880c       0x40 Middlewares/Third_Party/FatFs/src/diskio.o
                0x000000000800880c                disk_read
 .text.disk_write
                0x000000000800884c       0x40 Middlewares/Third_Party/FatFs/src/diskio.o
                0x000000000800884c                disk_write
 .text.disk_ioctl
                0x000000000800888c       0x3c Middlewares/Third_Party/FatFs/src/diskio.o
                0x000000000800888c                disk_ioctl
 .text.ld_word  0x00000000080088c8       0x30 Middlewares/Third_Party/FatFs/src/ff.o
 .text.ld_dword
                0x00000000080088f8       0x46 Middlewares/Third_Party/FatFs/src/ff.o
 .text.st_word  0x000000000800893e       0x36 Middlewares/Third_Party/FatFs/src/ff.o
 .text.st_dword
                0x0000000008008974       0x58 Middlewares/Third_Party/FatFs/src/ff.o
 .text.mem_cpy  0x00000000080089cc       0x42 Middlewares/Third_Party/FatFs/src/ff.o
 .text.mem_set  0x0000000008008a0e       0x34 Middlewares/Third_Party/FatFs/src/ff.o
 .text.mem_cmp  0x0000000008008a42       0x4e Middlewares/Third_Party/FatFs/src/ff.o
 .text.chk_chr  0x0000000008008a90       0x36 Middlewares/Third_Party/FatFs/src/ff.o
 *fill*         0x0000000008008ac6        0x2 
 .text.chk_lock
                0x0000000008008ac8       0xb8 Middlewares/Third_Party/FatFs/src/ff.o
 .text.enq_lock
                0x0000000008008b80       0x44 Middlewares/Third_Party/FatFs/src/ff.o
 .text.inc_lock
                0x0000000008008bc4      0x11c Middlewares/Third_Party/FatFs/src/ff.o
 .text.dec_lock
                0x0000000008008ce0       0x78 Middlewares/Third_Party/FatFs/src/ff.o
 .text.clear_lock
                0x0000000008008d58       0x48 Middlewares/Third_Party/FatFs/src/ff.o
 .text.sync_window
                0x0000000008008da0       0x88 Middlewares/Third_Party/FatFs/src/ff.o
 .text.move_window
                0x0000000008008e28       0x5a Middlewares/Third_Party/FatFs/src/ff.o
 *fill*         0x0000000008008e82        0x2 
 .text.sync_fs  0x0000000008008e84       0xdc Middlewares/Third_Party/FatFs/src/ff.o
 .text.clust2sect
                0x0000000008008f60       0x3e Middlewares/Third_Party/FatFs/src/ff.o
 .text.get_fat  0x0000000008008f9e      0x14a Middlewares/Third_Party/FatFs/src/ff.o
 .text.put_fat  0x00000000080090e8      0x1ce Middlewares/Third_Party/FatFs/src/ff.o
 .text.remove_chain
                0x00000000080092b6       0xca Middlewares/Third_Party/FatFs/src/ff.o
 .text.create_chain
                0x0000000008009380      0x130 Middlewares/Third_Party/FatFs/src/ff.o
 .text.clmt_clust
                0x00000000080094b0       0x68 Middlewares/Third_Party/FatFs/src/ff.o
 .text.dir_sdi  0x0000000008009518       0xf6 Middlewares/Third_Party/FatFs/src/ff.o
 .text.dir_next
                0x000000000800960e      0x18a Middlewares/Third_Party/FatFs/src/ff.o
 .text.dir_alloc
                0x0000000008009798       0x8e Middlewares/Third_Party/FatFs/src/ff.o
 .text.ld_clust
                0x0000000008009826       0x3e Middlewares/Third_Party/FatFs/src/ff.o
 .text.st_clust
                0x0000000008009864       0x40 Middlewares/Third_Party/FatFs/src/ff.o
 .text.cmp_lfn  0x00000000080098a4       0xe0 Middlewares/Third_Party/FatFs/src/ff.o
 .text.put_lfn  0x0000000008009984       0xd0 Middlewares/Third_Party/FatFs/src/ff.o
 .text.gen_numname
                0x0000000008009a54      0x14a Middlewares/Third_Party/FatFs/src/ff.o
 .text.sum_sfn  0x0000000008009b9e       0x42 Middlewares/Third_Party/FatFs/src/ff.o
 .text.dir_find
                0x0000000008009be0      0x180 Middlewares/Third_Party/FatFs/src/ff.o
 .text.dir_register
                0x0000000008009d60      0x1f0 Middlewares/Third_Party/FatFs/src/ff.o
 .text.create_name
                0x0000000008009f50      0x3f4 Middlewares/Third_Party/FatFs/src/ff.o
 .text.follow_path
                0x000000000800a344       0xe2 Middlewares/Third_Party/FatFs/src/ff.o
 .text.get_ldnumber
                0x000000000800a426       0x88 Middlewares/Third_Party/FatFs/src/ff.o
 *fill*         0x000000000800a4ae        0x2 
 .text.check_fs
                0x000000000800a4b0       0xac Middlewares/Third_Party/FatFs/src/ff.o
 .text.find_volume
                0x000000000800a55c      0x498 Middlewares/Third_Party/FatFs/src/ff.o
 .text.validate
                0x000000000800a9f4       0x6a Middlewares/Third_Party/FatFs/src/ff.o
 *fill*         0x000000000800aa5e        0x2 
 .text.f_mount  0x000000000800aa60       0x8c Middlewares/Third_Party/FatFs/src/ff.o
                0x000000000800aa60                f_mount
 .text.f_open   0x000000000800aaec      0x494 Middlewares/Third_Party/FatFs/src/ff.o
                0x000000000800aaec                f_open
 .text.f_write  0x000000000800af80      0x2ea Middlewares/Third_Party/FatFs/src/ff.o
                0x000000000800af80                f_write
 .text.f_sync   0x000000000800b26a       0xfc Middlewares/Third_Party/FatFs/src/ff.o
                0x000000000800b26a                f_sync
 .text.f_close  0x000000000800b366       0x54 Middlewares/Third_Party/FatFs/src/ff.o
                0x000000000800b366                f_close
 *fill*         0x000000000800b3ba        0x2 
 .text.FATFS_LinkDriverEx
                0x000000000800b3bc       0x98 Middlewares/Third_Party/FatFs/src/ff_gen_drv.o
                0x000000000800b3bc                FATFS_LinkDriverEx
 .text.FATFS_LinkDriver
                0x000000000800b454       0x1e Middlewares/Third_Party/FatFs/src/ff_gen_drv.o
                0x000000000800b454                FATFS_LinkDriver
 *fill*         0x000000000800b472        0x2 
 .text.ff_convert
                0x000000000800b474       0xc0 Middlewares/Third_Party/FatFs/src/option/cc936.o
                0x000000000800b474                ff_convert
 .text.ff_wtoupper
                0x000000000800b534      0x114 Middlewares/Third_Party/FatFs/src/option/cc936.o
                0x000000000800b534                ff_wtoupper
 .text.MX_USB_HOST_Init
                0x000000000800b648       0x4c USB_HOST/App/usb_host.o
                0x000000000800b648                MX_USB_HOST_Init
 .text.MX_USB_HOST_Process
                0x000000000800b694       0x14 USB_HOST/App/usb_host.o
                0x000000000800b694                MX_USB_HOST_Process
 .text.USBH_UserProcess
                0x000000000800b6a8       0x5c USB_HOST/App/usb_host.o
 .text.HAL_HCD_MspInit
                0x000000000800b704       0xa8 USB_HOST/Target/usbh_conf.o
                0x000000000800b704                HAL_HCD_MspInit
 .text.HAL_HCD_SOF_Callback
                0x000000000800b7ac       0x1c USB_HOST/Target/usbh_conf.o
                0x000000000800b7ac                HAL_HCD_SOF_Callback
 .text.HAL_HCD_Connect_Callback
                0x000000000800b7c8       0x1c USB_HOST/Target/usbh_conf.o
                0x000000000800b7c8                HAL_HCD_Connect_Callback
 .text.HAL_HCD_Disconnect_Callback
                0x000000000800b7e4       0x1c USB_HOST/Target/usbh_conf.o
                0x000000000800b7e4                HAL_HCD_Disconnect_Callback
 .text.HAL_HCD_HC_NotifyURBChange_Callback
                0x000000000800b800       0x1c USB_HOST/Target/usbh_conf.o
                0x000000000800b800                HAL_HCD_HC_NotifyURBChange_Callback
 .text.HAL_HCD_PortEnabled_Callback
                0x000000000800b81c       0x1c USB_HOST/Target/usbh_conf.o
                0x000000000800b81c                HAL_HCD_PortEnabled_Callback
 .text.HAL_HCD_PortDisabled_Callback
                0x000000000800b838       0x1c USB_HOST/Target/usbh_conf.o
                0x000000000800b838                HAL_HCD_PortDisabled_Callback
 .text.USBH_LL_Init
                0x000000000800b854       0x78 USB_HOST/Target/usbh_conf.o
                0x000000000800b854                USBH_LL_Init
 .text.USBH_LL_Start
                0x000000000800b8cc       0x36 USB_HOST/Target/usbh_conf.o
                0x000000000800b8cc                USBH_LL_Start
 .text.USBH_LL_Stop
                0x000000000800b902       0x36 USB_HOST/Target/usbh_conf.o
                0x000000000800b902                USBH_LL_Stop
 .text.USBH_LL_GetSpeed
                0x000000000800b938       0x4a USB_HOST/Target/usbh_conf.o
                0x000000000800b938                USBH_LL_GetSpeed
 .text.USBH_LL_ResetPort
                0x000000000800b982       0x36 USB_HOST/Target/usbh_conf.o
                0x000000000800b982                USBH_LL_ResetPort
 .text.USBH_LL_GetLastXferSize
                0x000000000800b9b8       0x26 USB_HOST/Target/usbh_conf.o
                0x000000000800b9b8                USBH_LL_GetLastXferSize
 .text.USBH_LL_OpenPipe
                0x000000000800b9de       0x5e USB_HOST/Target/usbh_conf.o
                0x000000000800b9de                USBH_LL_OpenPipe
 .text.USBH_LL_ClosePipe
                0x000000000800ba3c       0x3e USB_HOST/Target/usbh_conf.o
                0x000000000800ba3c                USBH_LL_ClosePipe
 .text.USBH_LL_SubmitURB
                0x000000000800ba7a       0x62 USB_HOST/Target/usbh_conf.o
                0x000000000800ba7a                USBH_LL_SubmitURB
 .text.USBH_LL_GetURBState
                0x000000000800badc       0x26 USB_HOST/Target/usbh_conf.o
                0x000000000800badc                USBH_LL_GetURBState
 .text.USBH_LL_DriverVBUS
                0x000000000800bb02       0x2e USB_HOST/Target/usbh_conf.o
                0x000000000800bb02                USBH_LL_DriverVBUS
 .text.USBH_LL_SetToggle
                0x000000000800bb30       0x66 USB_HOST/Target/usbh_conf.o
                0x000000000800bb30                USBH_LL_SetToggle
 .text.USBH_LL_GetToggle
                0x000000000800bb96       0x66 USB_HOST/Target/usbh_conf.o
                0x000000000800bb96                USBH_LL_GetToggle
 .text.USBH_Delay
                0x000000000800bbfc       0x16 USB_HOST/Target/usbh_conf.o
                0x000000000800bbfc                USBH_Delay
 *fill*         0x000000000800bc12        0x2 
 .text.USBH_Get_USB_Status
                0x000000000800bc14       0x58 USB_HOST/Target/usbh_conf.o
                0x000000000800bc14                USBH_Get_USB_Status
 .text.MX_DriverVbusFS
                0x000000000800bc6c       0x38 USB_HOST/Target/usbh_platform.o
                0x000000000800bc6c                MX_DriverVbusFS
 .text.__libc_init_array
                0x000000000800bca4       0x48 d:/program files (x86)/stm32cubeide_1.0.2/stm32cubeide/plugins/com.st.stm32cube.ide.mcu.externaltools.gnu-tools-for-stm32.7-2018-q2-update.win32_1.0.0.201904181610/tools/bin/../lib/gcc/arm-none-eabi/7.3.1/../../../../arm-none-eabi/lib/thumb/v7e-m/fpv4-sp/hard\libc_nano.a(lib_a-init.o)
                0x000000000800bca4                __libc_init_array
 .text.malloc   0x000000000800bcec       0x10 d:/program files (x86)/stm32cubeide_1.0.2/stm32cubeide/plugins/com.st.stm32cube.ide.mcu.externaltools.gnu-tools-for-stm32.7-2018-q2-update.win32_1.0.0.201904181610/tools/bin/../lib/gcc/arm-none-eabi/7.3.1/../../../../arm-none-eabi/lib/thumb/v7e-m/fpv4-sp/hard\libc_nano.a(lib_a-malloc.o)
                0x000000000800bcec                malloc
 .text.free     0x000000000800bcfc       0x10 d:/program files (x86)/stm32cubeide_1.0.2/stm32cubeide/plugins/com.st.stm32cube.ide.mcu.externaltools.gnu-tools-for-stm32.7-2018-q2-update.win32_1.0.0.201904181610/tools/bin/../lib/gcc/arm-none-eabi/7.3.1/../../../../arm-none-eabi/lib/thumb/v7e-m/fpv4-sp/hard\libc_nano.a(lib_a-malloc.o)
                0x000000000800bcfc                free
 .text.memcpy   0x000000000800bd0c       0x16 d:/program files (x86)/stm32cubeide_1.0.2/stm32cubeide/plugins/com.st.stm32cube.ide.mcu.externaltools.gnu-tools-for-stm32.7-2018-q2-update.win32_1.0.0.201904181610/tools/bin/../lib/gcc/arm-none-eabi/7.3.1/../../../../arm-none-eabi/lib/thumb/v7e-m/fpv4-sp/hard\libc_nano.a(lib_a-memcpy-stub.o)
                0x000000000800bd0c                memcpy
 .text.memset   0x000000000800bd22       0x10 d:/program files (x86)/stm32cubeide_1.0.2/stm32cubeide/plugins/com.st.stm32cube.ide.mcu.externaltools.gnu-tools-for-stm32.7-2018-q2-update.win32_1.0.0.201904181610/tools/bin/../lib/gcc/arm-none-eabi/7.3.1/../../../../arm-none-eabi/lib/thumb/v7e-m/fpv4-sp/hard\libc_nano.a(lib_a-memset.o)
                0x000000000800bd22                memset
 *fill*         0x000000000800bd32        0x2 
 .text._free_r  0x000000000800bd34       0x9c d:/program files (x86)/stm32cubeide_1.0.2/stm32cubeide/plugins/com.st.stm32cube.ide.mcu.externaltools.gnu-tools-for-stm32.7-2018-q2-update.win32_1.0.0.201904181610/tools/bin/../lib/gcc/arm-none-eabi/7.3.1/../../../../arm-none-eabi/lib/thumb/v7e-m/fpv4-sp/hard\libc_nano.a(lib_a-nano-freer.o)
                0x000000000800bd34                _free_r
 .text._malloc_r
                0x000000000800bdd0       0xb4 d:/program files (x86)/stm32cubeide_1.0.2/stm32cubeide/plugins/com.st.stm32cube.ide.mcu.externaltools.gnu-tools-for-stm32.7-2018-q2-update.win32_1.0.0.201904181610/tools/bin/../lib/gcc/arm-none-eabi/7.3.1/../../../../arm-none-eabi/lib/thumb/v7e-m/fpv4-sp/hard\libc_nano.a(lib_a-nano-mallocr.o)
                0x000000000800bdd0                _malloc_r
 .text.__cvt    0x000000000800be84       0xc2 d:/program files (x86)/stm32cubeide_1.0.2/stm32cubeide/plugins/com.st.stm32cube.ide.mcu.externaltools.gnu-tools-for-stm32.7-2018-q2-update.win32_1.0.0.201904181610/tools/bin/../lib/gcc/arm-none-eabi/7.3.1/../../../../arm-none-eabi/lib/thumb/v7e-m/fpv4-sp/hard\libc_nano.a(lib_a-nano-vfprintf_float.o)
                0x000000000800be84                __cvt
 .text.__exponent
                0x000000000800bf46       0x66 d:/program files (x86)/stm32cubeide_1.0.2/stm32cubeide/plugins/com.st.stm32cube.ide.mcu.externaltools.gnu-tools-for-stm32.7-2018-q2-update.win32_1.0.0.201904181610/tools/bin/../lib/gcc/arm-none-eabi/7.3.1/../../../../arm-none-eabi/lib/thumb/v7e-m/fpv4-sp/hard\libc_nano.a(lib_a-nano-vfprintf_float.o)
                0x000000000800bf46                __exponent
 .text._printf_float
                0x000000000800bfac      0x480 d:/program files (x86)/stm32cubeide_1.0.2/stm32cubeide/plugins/com.st.stm32cube.ide.mcu.externaltools.gnu-tools-for-stm32.7-2018-q2-update.win32_1.0.0.201904181610/tools/bin/../lib/gcc/arm-none-eabi/7.3.1/../../../../arm-none-eabi/lib/thumb/v7e-m/fpv4-sp/hard\libc_nano.a(lib_a-nano-vfprintf_float.o)
                0x000000000800bfac                _printf_float
 .text._printf_common
                0x000000000800c42c       0xea d:/program files (x86)/stm32cubeide_1.0.2/stm32cubeide/plugins/com.st.stm32cube.ide.mcu.externaltools.gnu-tools-for-stm32.7-2018-q2-update.win32_1.0.0.201904181610/tools/bin/../lib/gcc/arm-none-eabi/7.3.1/../../../../arm-none-eabi/lib/thumb/v7e-m/fpv4-sp/hard\libc_nano.a(lib_a-nano-vfprintf_i.o)
                0x000000000800c42c                _printf_common
 *fill*         0x000000000800c516        0x2 
 .text._sbrk_r  0x000000000800c518       0x20 d:/program files (x86)/stm32cubeide_1.0.2/stm32cubeide/plugins/com.st.stm32cube.ide.mcu.externaltools.gnu-tools-for-stm32.7-2018-q2-update.win32_1.0.0.201904181610/tools/bin/../lib/gcc/arm-none-eabi/7.3.1/../../../../arm-none-eabi/lib/thumb/v7e-m/fpv4-sp/hard\libc_nano.a(lib_a-sbrkr.o)
                0x000000000800c518                _sbrk_r
 .text.quorem   0x000000000800c538      0x118 d:/program files (x86)/stm32cubeide_1.0.2/stm32cubeide/plugins/com.st.stm32cube.ide.mcu.externaltools.gnu-tools-for-stm32.7-2018-q2-update.win32_1.0.0.201904181610/tools/bin/../lib/gcc/arm-none-eabi/7.3.1/../../../../arm-none-eabi/lib/thumb/v7e-m/fpv4-sp/hard\libc_nano.a(lib_a-dtoa.o)
 .text._dtoa_r  0x000000000800c650      0xb70 d:/program files (x86)/stm32cubeide_1.0.2/stm32cubeide/plugins/com.st.stm32cube.ide.mcu.externaltools.gnu-tools-for-stm32.7-2018-q2-update.win32_1.0.0.201904181610/tools/bin/../lib/gcc/arm-none-eabi/7.3.1/../../../../arm-none-eabi/lib/thumb/v7e-m/fpv4-sp/hard\libc_nano.a(lib_a-dtoa.o)
                0x000000000800c650                _dtoa_r
 .text._localeconv_r
                0x000000000800d1c0       0x1c d:/program files (x86)/stm32cubeide_1.0.2/stm32cubeide/plugins/com.st.stm32cube.ide.mcu.externaltools.gnu-tools-for-stm32.7-2018-q2-update.win32_1.0.0.201904181610/tools/bin/../lib/gcc/arm-none-eabi/7.3.1/../../../../arm-none-eabi/lib/thumb/v7e-m/fpv4-sp/hard\libc_nano.a(lib_a-localeconv.o)
                0x000000000800d1c0                _localeconv_r
 .text.__malloc_lock
                0x000000000800d1dc        0x2 d:/program files (x86)/stm32cubeide_1.0.2/stm32cubeide/plugins/com.st.stm32cube.ide.mcu.externaltools.gnu-tools-for-stm32.7-2018-q2-update.win32_1.0.0.201904181610/tools/bin/../lib/gcc/arm-none-eabi/7.3.1/../../../../arm-none-eabi/lib/thumb/v7e-m/fpv4-sp/hard\libc_nano.a(lib_a-mlock.o)
                0x000000000800d1dc                __malloc_lock
 .text.__malloc_unlock
                0x000000000800d1de        0x2 d:/program files (x86)/stm32cubeide_1.0.2/stm32cubeide/plugins/com.st.stm32cube.ide.mcu.externaltools.gnu-tools-for-stm32.7-2018-q2-update.win32_1.0.0.201904181610/tools/bin/../lib/gcc/arm-none-eabi/7.3.1/../../../../arm-none-eabi/lib/thumb/v7e-m/fpv4-sp/hard\libc_nano.a(lib_a-mlock.o)
                0x000000000800d1de                __malloc_unlock
 .text._Balloc  0x000000000800d1e0       0x68 d:/program files (x86)/stm32cubeide_1.0.2/stm32cubeide/plugins/com.st.stm32cube.ide.mcu.externaltools.gnu-tools-for-stm32.7-2018-q2-update.win32_1.0.0.201904181610/tools/bin/../lib/gcc/arm-none-eabi/7.3.1/../../../../arm-none-eabi/lib/thumb/v7e-m/fpv4-sp/hard\libc_nano.a(lib_a-mprec.o)
                0x000000000800d1e0                _Balloc
 .text._Bfree   0x000000000800d248       0x2e d:/program files (x86)/stm32cubeide_1.0.2/stm32cubeide/plugins/com.st.stm32cube.ide.mcu.externaltools.gnu-tools-for-stm32.7-2018-q2-update.win32_1.0.0.201904181610/tools/bin/../lib/gcc/arm-none-eabi/7.3.1/../../../../arm-none-eabi/lib/thumb/v7e-m/fpv4-sp/hard\libc_nano.a(lib_a-mprec.o)
                0x000000000800d248                _Bfree
 .text.__multadd
                0x000000000800d276       0x76 d:/program files (x86)/stm32cubeide_1.0.2/stm32cubeide/plugins/com.st.stm32cube.ide.mcu.externaltools.gnu-tools-for-stm32.7-2018-q2-update.win32_1.0.0.201904181610/tools/bin/../lib/gcc/arm-none-eabi/7.3.1/../../../../arm-none-eabi/lib/thumb/v7e-m/fpv4-sp/hard\libc_nano.a(lib_a-mprec.o)
                0x000000000800d276                __multadd
 .text.__hi0bits
                0x000000000800d2ec       0x3e d:/program files (x86)/stm32cubeide_1.0.2/stm32cubeide/plugins/com.st.stm32cube.ide.mcu.externaltools.gnu-tools-for-stm32.7-2018-q2-update.win32_1.0.0.201904181610/tools/bin/../lib/gcc/arm-none-eabi/7.3.1/../../../../arm-none-eabi/lib/thumb/v7e-m/fpv4-sp/hard\libc_nano.a(lib_a-mprec.o)
                0x000000000800d2ec                __hi0bits
 .text.__lo0bits
                0x000000000800d32a       0x5e d:/program files (x86)/stm32cubeide_1.0.2/stm32cubeide/plugins/com.st.stm32cube.ide.mcu.externaltools.gnu-tools-for-stm32.7-2018-q2-update.win32_1.0.0.201904181610/tools/bin/../lib/gcc/arm-none-eabi/7.3.1/../../../../arm-none-eabi/lib/thumb/v7e-m/fpv4-sp/hard\libc_nano.a(lib_a-mprec.o)
                0x000000000800d32a                __lo0bits
 .text.__i2b    0x000000000800d388       0x12 d:/program files (x86)/stm32cubeide_1.0.2/stm32cubeide/plugins/com.st.stm32cube.ide.mcu.externaltools.gnu-tools-for-stm32.7-2018-q2-update.win32_1.0.0.201904181610/tools/bin/../lib/gcc/arm-none-eabi/7.3.1/../../../../arm-none-eabi/lib/thumb/v7e-m/fpv4-sp/hard\libc_nano.a(lib_a-mprec.o)
                0x000000000800d388                __i2b
 .text.__multiply
                0x000000000800d39a      0x12c d:/program files (x86)/stm32cubeide_1.0.2/stm32cubeide/plugins/com.st.stm32cube.ide.mcu.externaltools.gnu-tools-for-stm32.7-2018-q2-update.win32_1.0.0.201904181610/tools/bin/../lib/gcc/arm-none-eabi/7.3.1/../../../../arm-none-eabi/lib/thumb/v7e-m/fpv4-sp/hard\libc_nano.a(lib_a-mprec.o)
                0x000000000800d39a                __multiply
 *fill*         0x000000000800d4c6        0x2 
 .text.__pow5mult
                0x000000000800d4c8       0x9c d:/program files (x86)/stm32cubeide_1.0.2/stm32cubeide/plugins/com.st.stm32cube.ide.mcu.externaltools.gnu-tools-for-stm32.7-2018-q2-update.win32_1.0.0.201904181610/tools/bin/../lib/gcc/arm-none-eabi/7.3.1/../../../../arm-none-eabi/lib/thumb/v7e-m/fpv4-sp/hard\libc_nano.a(lib_a-mprec.o)
                0x000000000800d4c8                __pow5mult
 .text.__lshift
                0x000000000800d564       0xa8 d:/program files (x86)/stm32cubeide_1.0.2/stm32cubeide/plugins/com.st.stm32cube.ide.mcu.externaltools.gnu-tools-for-stm32.7-2018-q2-update.win32_1.0.0.201904181610/tools/bin/../lib/gcc/arm-none-eabi/7.3.1/../../../../arm-none-eabi/lib/thumb/v7e-m/fpv4-sp/hard\libc_nano.a(lib_a-mprec.o)
                0x000000000800d564                __lshift
 .text.__mcmp   0x000000000800d60c       0x34 d:/program files (x86)/stm32cubeide_1.0.2/stm32cubeide/plugins/com.st.stm32cube.ide.mcu.externaltools.gnu-tools-for-stm32.7-2018-q2-update.win32_1.0.0.201904181610/tools/bin/../lib/gcc/arm-none-eabi/7.3.1/../../../../arm-none-eabi/lib/thumb/v7e-m/fpv4-sp/hard\libc_nano.a(lib_a-mprec.o)
                0x000000000800d60c                __mcmp
 .text.__mdiff  0x000000000800d640       0xba d:/program files (x86)/stm32cubeide_1.0.2/stm32cubeide/plugins/com.st.stm32cube.ide.mcu.externaltools.gnu-tools-for-stm32.7-2018-q2-update.win32_1.0.0.201904181610/tools/bin/../lib/gcc/arm-none-eabi/7.3.1/../../../../arm-none-eabi/lib/thumb/v7e-m/fpv4-sp/hard\libc_nano.a(lib_a-mprec.o)
                0x000000000800d640                __mdiff
 .text.__d2b    0x000000000800d6fa       0x9e d:/program files (x86)/stm32cubeide_1.0.2/stm32cubeide/plugins/com.st.stm32cube.ide.mcu.externaltools.gnu-tools-for-stm32.7-2018-q2-update.win32_1.0.0.201904181610/tools/bin/../lib/gcc/arm-none-eabi/7.3.1/../../../../arm-none-eabi/lib/thumb/v7e-m/fpv4-sp/hard\libc_nano.a(lib_a-mprec.o)
                0x000000000800d6fa                __d2b
 .text._calloc_r
                0x000000000800d798       0x1c d:/program files (x86)/stm32cubeide_1.0.2/stm32cubeide/plugins/com.st.stm32cube.ide.mcu.externaltools.gnu-tools-for-stm32.7-2018-q2-update.win32_1.0.0.201904181610/tools/bin/../lib/gcc/arm-none-eabi/7.3.1/../../../../arm-none-eabi/lib/thumb/v7e-m/fpv4-sp/hard\libc_nano.a(lib_a-nano-callocr.o)
                0x000000000800d798                _calloc_r
 .text.__ascii_mbtowc
                0x000000000800d7b4       0x24 d:/program files (x86)/stm32cubeide_1.0.2/stm32cubeide/plugins/com.st.stm32cube.ide.mcu.externaltools.gnu-tools-for-stm32.7-2018-q2-update.win32_1.0.0.201904181610/tools/bin/../lib/gcc/arm-none-eabi/7.3.1/../../../../arm-none-eabi/lib/thumb/v7e-m/fpv4-sp/hard\libc_nano.a(lib_a-mbtowc_r.o)
                0x000000000800d7b4                __ascii_mbtowc
 .text.__ascii_wctomb
                0x000000000800d7d8       0x1a d:/program files (x86)/stm32cubeide_1.0.2/stm32cubeide/plugins/com.st.stm32cube.ide.mcu.externaltools.gnu-tools-for-stm32.7-2018-q2-update.win32_1.0.0.201904181610/tools/bin/../lib/gcc/arm-none-eabi/7.3.1/../../../../arm-none-eabi/lib/thumb/v7e-m/fpv4-sp/hard\libc_nano.a(lib_a-wctomb_r.o)
                0x000000000800d7d8                __ascii_wctomb
 *fill*         0x000000000800d7f2        0x2 
 .text._sbrk    0x000000000800d7f4       0x1c d:/program files (x86)/stm32cubeide_1.0.2/stm32cubeide/plugins/com.st.stm32cube.ide.mcu.externaltools.gnu-tools-for-stm32.7-2018-q2-update.win32_1.0.0.201904181610/tools/bin/../lib/gcc/arm-none-eabi/7.3.1/../../../../arm-none-eabi/lib/thumb/v7e-m/fpv4-sp/hard\libnosys.a(sbrk.o)
                0x000000000800d7f4                _sbrk
 *(.glue_7)
 .glue_7        0x000000000800d810        0x0 linker stubs
 *(.glue_7t)
 .glue_7t       0x000000000800d810        0x0 linker stubs
 *(.eh_frame)
 .eh_frame      0x000000000800d810        0x0 d:/program files (x86)/stm32cubeide_1.0.2/stm32cubeide/plugins/com.st.stm32cube.ide.mcu.externaltools.gnu-tools-for-stm32.7-2018-q2-update.win32_1.0.0.201904181610/tools/bin/../lib/gcc/arm-none-eabi/7.3.1/thumb/v7e-m/fpv4-sp/hard/crtbegin.o
 *(.init)
 .init          0x000000000800d810        0x4 d:/program files (x86)/stm32cubeide_1.0.2/stm32cubeide/plugins/com.st.stm32cube.ide.mcu.externaltools.gnu-tools-for-stm32.7-2018-q2-update.win32_1.0.0.201904181610/tools/bin/../lib/gcc/arm-none-eabi/7.3.1/thumb/v7e-m/fpv4-sp/hard/crti.o
                0x000000000800d810                _init
 .init          0x000000000800d814        0x8 d:/program files (x86)/stm32cubeide_1.0.2/stm32cubeide/plugins/com.st.stm32cube.ide.mcu.externaltools.gnu-tools-for-stm32.7-2018-q2-update.win32_1.0.0.201904181610/tools/bin/../lib/gcc/arm-none-eabi/7.3.1/thumb/v7e-m/fpv4-sp/hard/crtn.o
 *(.fini)
 .fini          0x000000000800d81c        0x4 d:/program files (x86)/stm32cubeide_1.0.2/stm32cubeide/plugins/com.st.stm32cube.ide.mcu.externaltools.gnu-tools-for-stm32.7-2018-q2-update.win32_1.0.0.201904181610/tools/bin/../lib/gcc/arm-none-eabi/7.3.1/thumb/v7e-m/fpv4-sp/hard/crti.o
                0x000000000800d81c                _fini
 .fini          0x000000000800d820        0x8 d:/program files (x86)/stm32cubeide_1.0.2/stm32cubeide/plugins/com.st.stm32cube.ide.mcu.externaltools.gnu-tools-for-stm32.7-2018-q2-update.win32_1.0.0.201904181610/tools/bin/../lib/gcc/arm-none-eabi/7.3.1/thumb/v7e-m/fpv4-sp/hard/crtn.o
                0x000000000800d828                . = ALIGN (0x4)
                0x000000000800d828                _etext = .

.vfp11_veneer   0x000000000800d828        0x0
 .vfp11_veneer  0x000000000800d828        0x0 linker stubs

.v4_bx          0x000000000800d828        0x0
 .v4_bx         0x000000000800d828        0x0 linker stubs

.iplt           0x000000000800d828        0x0
 .iplt          0x000000000800d828        0x0 d:/program files (x86)/stm32cubeide_1.0.2/stm32cubeide/plugins/com.st.stm32cube.ide.mcu.externaltools.gnu-tools-for-stm32.7-2018-q2-update.win32_1.0.0.201904181610/tools/bin/../lib/gcc/arm-none-eabi/7.3.1/thumb/v7e-m/fpv4-sp/hard/crtbegin.o

.rodata         0x000000000800d828    0x2af10
                0x000000000800d828                . = ALIGN (0x4)
 *(.rodata)
 .rodata        0x000000000800d828       0x3d Core/Src/main.o
 *fill*         0x000000000800d865        0x3 
 .rodata        0x000000000800d868        0x4 Middlewares/ST/STM32_USB_Host_Library/Class/MSC/Src/usbh_msc.o
 .rodata        0x000000000800d86c       0x48 Middlewares/Third_Party/FatFs/src/ff.o
 *(.rodata*)
 .rodata.AHBPrescTable
                0x000000000800d8b4       0x10 Core/Src/system_stm32f4xx.o
                0x000000000800d8b4                AHBPrescTable
 .rodata.APBPrescTable
                0x000000000800d8c4        0x8 Core/Src/system_stm32f4xx.o
                0x000000000800d8c4                APBPrescTable
 .rodata.flagBitshiftOffset.7922
                0x000000000800d8cc        0x8 Drivers/STM32F4xx_HAL_Driver/Src/stm32f4xx_hal_dma.o
 .rodata.USBH_Driver
                0x000000000800d8d4       0x14 FATFS/Target/usbh_diskio.o
                0x000000000800d8d4                USBH_Driver
 .rodata.LfnOfs
                0x000000000800d8e8        0xd Middlewares/Third_Party/FatFs/src/ff.o
 *fill*         0x000000000800d8f5        0x3 
 .rodata.uni2oem
                0x000000000800d8f8    0x15484 Middlewares/Third_Party/FatFs/src/option/cc936.o
 .rodata.oem2uni
                0x0000000008022d7c    0x15484 Middlewares/Third_Party/FatFs/src/option/cc936.o
 .rodata.cvt1.10241
                0x0000000008038200      0x1f2 Middlewares/Third_Party/FatFs/src/option/cc936.o
 *fill*         0x00000000080383f2        0x2 
 .rodata.cvt2.10242
                0x00000000080383f4       0xbc Middlewares/Third_Party/FatFs/src/option/cc936.o
 .rodata._printf_float.str1.1
                0x00000000080384b0       0x12 d:/program files (x86)/stm32cubeide_1.0.2/stm32cubeide/plugins/com.st.stm32cube.ide.mcu.externaltools.gnu-tools-for-stm32.7-2018-q2-update.win32_1.0.0.201904181610/tools/bin/../lib/gcc/arm-none-eabi/7.3.1/../../../../arm-none-eabi/lib/thumb/v7e-m/fpv4-sp/hard\libc_nano.a(lib_a-nano-vfprintf_float.o)
 .rodata._dtoa_r.str1.1
                0x00000000080384c2        0xd d:/program files (x86)/stm32cubeide_1.0.2/stm32cubeide/plugins/com.st.stm32cube.ide.mcu.externaltools.gnu-tools-for-stm32.7-2018-q2-update.win32_1.0.0.201904181610/tools/bin/../lib/gcc/arm-none-eabi/7.3.1/../../../../arm-none-eabi/lib/thumb/v7e-m/fpv4-sp/hard\libc_nano.a(lib_a-dtoa.o)
                                          0xf (size before relaxing)
 *fill*         0x00000000080384cf        0x1 
 .rodata.__sf_fake_stderr
                0x00000000080384d0       0x20 d:/program files (x86)/stm32cubeide_1.0.2/stm32cubeide/plugins/com.st.stm32cube.ide.mcu.externaltools.gnu-tools-for-stm32.7-2018-q2-update.win32_1.0.0.201904181610/tools/bin/../lib/gcc/arm-none-eabi/7.3.1/../../../../arm-none-eabi/lib/thumb/v7e-m/fpv4-sp/hard\libc_nano.a(lib_a-findfp.o)
                0x00000000080384d0                __sf_fake_stderr
 .rodata.__sf_fake_stdin
                0x00000000080384f0       0x20 d:/program files (x86)/stm32cubeide_1.0.2/stm32cubeide/plugins/com.st.stm32cube.ide.mcu.externaltools.gnu-tools-for-stm32.7-2018-q2-update.win32_1.0.0.201904181610/tools/bin/../lib/gcc/arm-none-eabi/7.3.1/../../../../arm-none-eabi/lib/thumb/v7e-m/fpv4-sp/hard\libc_nano.a(lib_a-findfp.o)
                0x00000000080384f0                __sf_fake_stdin
 .rodata.__sf_fake_stdout
                0x0000000008038510       0x20 d:/program files (x86)/stm32cubeide_1.0.2/stm32cubeide/plugins/com.st.stm32cube.ide.mcu.externaltools.gnu-tools-for-stm32.7-2018-q2-update.win32_1.0.0.201904181610/tools/bin/../lib/gcc/arm-none-eabi/7.3.1/../../../../arm-none-eabi/lib/thumb/v7e-m/fpv4-sp/hard\libc_nano.a(lib_a-findfp.o)
                0x0000000008038510                __sf_fake_stdout
 .rodata.__mprec_bigtens
                0x0000000008038530       0x28 d:/program files (x86)/stm32cubeide_1.0.2/stm32cubeide/plugins/com.st.stm32cube.ide.mcu.externaltools.gnu-tools-for-stm32.7-2018-q2-update.win32_1.0.0.201904181610/tools/bin/../lib/gcc/arm-none-eabi/7.3.1/../../../../arm-none-eabi/lib/thumb/v7e-m/fpv4-sp/hard\libc_nano.a(lib_a-mprec.o)
                0x0000000008038530                __mprec_bigtens
 .rodata.__mprec_tens
                0x0000000008038558       0xc8 d:/program files (x86)/stm32cubeide_1.0.2/stm32cubeide/plugins/com.st.stm32cube.ide.mcu.externaltools.gnu-tools-for-stm32.7-2018-q2-update.win32_1.0.0.201904181610/tools/bin/../lib/gcc/arm-none-eabi/7.3.1/../../../../arm-none-eabi/lib/thumb/v7e-m/fpv4-sp/hard\libc_nano.a(lib_a-mprec.o)
                0x0000000008038558                __mprec_tens
 .rodata.p05.7359
                0x0000000008038620        0xc d:/program files (x86)/stm32cubeide_1.0.2/stm32cubeide/plugins/com.st.stm32cube.ide.mcu.externaltools.gnu-tools-for-stm32.7-2018-q2-update.win32_1.0.0.201904181610/tools/bin/../lib/gcc/arm-none-eabi/7.3.1/../../../../arm-none-eabi/lib/thumb/v7e-m/fpv4-sp/hard\libc_nano.a(lib_a-mprec.o)
 .rodata._setlocale_r.str1.1
                0x000000000803862c        0x8 d:/program files (x86)/stm32cubeide_1.0.2/stm32cubeide/plugins/com.st.stm32cube.ide.mcu.externaltools.gnu-tools-for-stm32.7-2018-q2-update.win32_1.0.0.201904181610/tools/bin/../lib/gcc/arm-none-eabi/7.3.1/../../../../arm-none-eabi/lib/thumb/v7e-m/fpv4-sp/hard\libc_nano.a(lib_a-locale.o)
                                          0x9 (size before relaxing)
 .rodata.str1.1
                0x0000000008038634        0x2 d:/program files (x86)/stm32cubeide_1.0.2/stm32cubeide/plugins/com.st.stm32cube.ide.mcu.externaltools.gnu-tools-for-stm32.7-2018-q2-update.win32_1.0.0.201904181610/tools/bin/../lib/gcc/arm-none-eabi/7.3.1/../../../../arm-none-eabi/lib/thumb/v7e-m/fpv4-sp/hard\libc_nano.a(lib_a-locale.o)
 .rodata._ctype_
                0x0000000008038636      0x101 d:/program files (x86)/stm32cubeide_1.0.2/stm32cubeide/plugins/com.st.stm32cube.ide.mcu.externaltools.gnu-tools-for-stm32.7-2018-q2-update.win32_1.0.0.201904181610/tools/bin/../lib/gcc/arm-none-eabi/7.3.1/../../../../arm-none-eabi/lib/thumb/v7e-m/fpv4-sp/hard\libc_nano.a(lib_a-ctype_.o)
                0x0000000008038636                _ctype_
                0x0000000008038738                . = ALIGN (0x4)
 *fill*         0x0000000008038737        0x1 

.ARM.extab      0x0000000008038738        0x0
                0x0000000008038738                . = ALIGN (0x4)
 *(.ARM.extab* .gnu.linkonce.armextab.*)
                0x0000000008038738                . = ALIGN (0x4)

.ARM            0x0000000008038738        0x8
                0x0000000008038738                . = ALIGN (0x4)
                0x0000000008038738                __exidx_start = .
 *(.ARM.exidx*)
 .ARM.exidx     0x0000000008038738        0x8 d:/program files (x86)/stm32cubeide_1.0.2/stm32cubeide/plugins/com.st.stm32cube.ide.mcu.externaltools.gnu-tools-for-stm32.7-2018-q2-update.win32_1.0.0.201904181610/tools/bin/../lib/gcc/arm-none-eabi/7.3.1/thumb/v7e-m/fpv4-sp/hard\libgcc.a(_udivmoddi4.o)
                0x0000000008038740                __exidx_end = .
                0x0000000008038740                . = ALIGN (0x4)

.rel.dyn        0x0000000008038740        0x0
 .rel.iplt      0x0000000008038740        0x0 d:/program files (x86)/stm32cubeide_1.0.2/stm32cubeide/plugins/com.st.stm32cube.ide.mcu.externaltools.gnu-tools-for-stm32.7-2018-q2-update.win32_1.0.0.201904181610/tools/bin/../lib/gcc/arm-none-eabi/7.3.1/thumb/v7e-m/fpv4-sp/hard/crtbegin.o

.preinit_array  0x0000000008038740        0x0
                0x0000000008038740                . = ALIGN (0x4)
                0x0000000008038740                PROVIDE (__preinit_array_start = .)
 *(.preinit_array*)
                0x0000000008038740                PROVIDE (__preinit_array_end = .)
                0x0000000008038740                . = ALIGN (0x4)

.init_array     0x0000000008038740        0x4
                0x0000000008038740                . = ALIGN (0x4)
                0x0000000008038740                PROVIDE (__init_array_start = .)
 *(SORT_BY_NAME(.init_array.*))
 *(.init_array*)
 .init_array    0x0000000008038740        0x4 d:/program files (x86)/stm32cubeide_1.0.2/stm32cubeide/plugins/com.st.stm32cube.ide.mcu.externaltools.gnu-tools-for-stm32.7-2018-q2-update.win32_1.0.0.201904181610/tools/bin/../lib/gcc/arm-none-eabi/7.3.1/thumb/v7e-m/fpv4-sp/hard/crtbegin.o
                0x0000000008038744                PROVIDE (__init_array_end = .)
                0x0000000008038744                . = ALIGN (0x4)

.fini_array     0x0000000008038744        0x4
                0x0000000008038744                . = ALIGN (0x4)
                [!provide]                        PROVIDE (__fini_array_start = .)
 *(SORT_BY_NAME(.fini_array.*))
 *(.fini_array*)
 .fini_array    0x0000000008038744        0x4 d:/program files (x86)/stm32cubeide_1.0.2/stm32cubeide/plugins/com.st.stm32cube.ide.mcu.externaltools.gnu-tools-for-stm32.7-2018-q2-update.win32_1.0.0.201904181610/tools/bin/../lib/gcc/arm-none-eabi/7.3.1/thumb/v7e-m/fpv4-sp/hard/crtbegin.o
                [!provide]                        PROVIDE (__fini_array_end = .)
                0x0000000008038748                . = ALIGN (0x4)
                0x0000000008038748                _sidata = LOADADDR (.data)

.data           0x0000000020000000      0x200 load address 0x0000000008038748
                0x0000000020000000                . = ALIGN (0x4)
                0x0000000020000000                _sdata = .
 *(.data)
 *(.data*)
 .data.USBH_Path
                0x0000000020000000        0x4 Core/Src/main.o
                0x0000000020000000                USBH_Path
 .data.SystemCoreClock
                0x0000000020000004        0x4 Core/Src/system_stm32f4xx.o
                0x0000000020000004                SystemCoreClock
 .data.uwTickPrio
                0x0000000020000008        0x4 Drivers/STM32F4xx_HAL_Driver/Src/stm32f4xx_hal.o
                0x0000000020000008                uwTickPrio
 .data.uwTickFreq
                0x000000002000000c        0x1 Drivers/STM32F4xx_HAL_Driver/Src/stm32f4xx_hal.o
                0x000000002000000c                uwTickFreq
 *fill*         0x000000002000000d        0x3 
 .data.USBH_msc
                0x0000000020000010       0x20 Middlewares/ST/STM32_USB_Host_Library/Class/MSC/Src/usbh_msc.o
                0x0000000020000010                USBH_msc
 .data._impure_ptr
                0x0000000020000030        0x4 d:/program files (x86)/stm32cubeide_1.0.2/stm32cubeide/plugins/com.st.stm32cube.ide.mcu.externaltools.gnu-tools-for-stm32.7-2018-q2-update.win32_1.0.0.201904181610/tools/bin/../lib/gcc/arm-none-eabi/7.3.1/../../../../arm-none-eabi/lib/thumb/v7e-m/fpv4-sp/hard\libc_nano.a(lib_a-impure.o)
                0x0000000020000030                _impure_ptr
 .data.impure_data
                0x0000000020000034       0x60 d:/program files (x86)/stm32cubeide_1.0.2/stm32cubeide/plugins/com.st.stm32cube.ide.mcu.externaltools.gnu-tools-for-stm32.7-2018-q2-update.win32_1.0.0.201904181610/tools/bin/../lib/gcc/arm-none-eabi/7.3.1/../../../../arm-none-eabi/lib/thumb/v7e-m/fpv4-sp/hard\libc_nano.a(lib_a-impure.o)
 .data.__global_locale
                0x0000000020000094      0x16c d:/program files (x86)/stm32cubeide_1.0.2/stm32cubeide/plugins/com.st.stm32cube.ide.mcu.externaltools.gnu-tools-for-stm32.7-2018-q2-update.win32_1.0.0.201904181610/tools/bin/../lib/gcc/arm-none-eabi/7.3.1/../../../../arm-none-eabi/lib/thumb/v7e-m/fpv4-sp/hard\libc_nano.a(lib_a-locale.o)
                0x0000000020000094                __global_locale
                0x0000000020000200                . = ALIGN (0x4)
                0x0000000020000200                _edata = .

.igot.plt       0x0000000020000200        0x0 load address 0x0000000008038948
 .igot.plt      0x0000000020000200        0x0 d:/program files (x86)/stm32cubeide_1.0.2/stm32cubeide/plugins/com.st.stm32cube.ide.mcu.externaltools.gnu-tools-for-stm32.7-2018-q2-update.win32_1.0.0.201904181610/tools/bin/../lib/gcc/arm-none-eabi/7.3.1/thumb/v7e-m/fpv4-sp/hard/crtbegin.o
                0x0000000020000200                . = ALIGN (0x4)

.bss            0x0000000020000200     0x106c load address 0x0000000008038948
                0x0000000020000200                _sbss = .
                0x0000000020000200                __bss_start__ = _sbss
 *(.bss)
 .bss           0x0000000020000200       0x1c d:/program files (x86)/stm32cubeide_1.0.2/stm32cubeide/plugins/com.st.stm32cube.ide.mcu.externaltools.gnu-tools-for-stm32.7-2018-q2-update.win32_1.0.0.201904181610/tools/bin/../lib/gcc/arm-none-eabi/7.3.1/thumb/v7e-m/fpv4-sp/hard/crtbegin.o
 *(.bss*)
 .bss.tmpreg.8078
                0x000000002000021c        0x4 Drivers/STM32F4xx_HAL_Driver/Src/stm32f4xx_ll_usb.o
 .bss.FatFs     0x0000000020000220        0x4 Middlewares/Third_Party/FatFs/src/ff.o
 .bss.Fsid      0x0000000020000224        0x2 Middlewares/Third_Party/FatFs/src/ff.o
 *fill*         0x0000000020000226        0x2 
 .bss.Files     0x0000000020000228       0x20 Middlewares/Third_Party/FatFs/src/ff.o
 .bss.disk      0x0000000020000248        0xc Middlewares/Third_Party/FatFs/src/ff_gen_drv.o
                0x0000000020000248                disk
 .bss.Appli_state
                0x0000000020000254        0x1 USB_HOST/App/usb_host.o
                0x0000000020000254                Appli_state
 *fill*         0x0000000020000255        0x3 
 .bss.__malloc_free_list
                0x0000000020000258        0x4 d:/program files (x86)/stm32cubeide_1.0.2/stm32cubeide/plugins/com.st.stm32cube.ide.mcu.externaltools.gnu-tools-for-stm32.7-2018-q2-update.win32_1.0.0.201904181610/tools/bin/../lib/gcc/arm-none-eabi/7.3.1/../../../../arm-none-eabi/lib/thumb/v7e-m/fpv4-sp/hard\libc_nano.a(lib_a-nano-mallocr.o)
                0x0000000020000258                __malloc_free_list
 .bss.__malloc_sbrk_start
                0x000000002000025c        0x4 d:/program files (x86)/stm32cubeide_1.0.2/stm32cubeide/plugins/com.st.stm32cube.ide.mcu.externaltools.gnu-tools-for-stm32.7-2018-q2-update.win32_1.0.0.201904181610/tools/bin/../lib/gcc/arm-none-eabi/7.3.1/../../../../arm-none-eabi/lib/thumb/v7e-m/fpv4-sp/hard\libc_nano.a(lib_a-nano-mallocr.o)
                0x000000002000025c                __malloc_sbrk_start
 .bss.heap_end.5377
                0x0000000020000260        0x4 d:/program files (x86)/stm32cubeide_1.0.2/stm32cubeide/plugins/com.st.stm32cube.ide.mcu.externaltools.gnu-tools-for-stm32.7-2018-q2-update.win32_1.0.0.201904181610/tools/bin/../lib/gcc/arm-none-eabi/7.3.1/../../../../arm-none-eabi/lib/thumb/v7e-m/fpv4-sp/hard\libnosys.a(sbrk.o)
 *(COMMON)
 COMMON         0x0000000020000264      0x464 Core/Src/main.o
                0x0000000020000264                MyFile
                0x0000000020000494                USBDISKFatFs
 COMMON         0x00000000200006c8       0xa0 Core/Src/usart.o
                0x00000000200006c8                hdma_usart1_rx
                0x0000000020000728                huart1
 COMMON         0x0000000020000768        0x4 Drivers/STM32F4xx_HAL_Driver/Src/stm32f4xx_hal.o
                0x0000000020000768                uwTick
 COMMON         0x000000002000076c      0x469 FATFS/App/fatfs.o
                0x000000002000076c                USBHPath
                0x0000000020000770                USBHFile
                0x00000000200009a0                USBHFatFS
                0x0000000020000bd4                retUSBH
 *fill*         0x0000000020000bd5        0x3 
 COMMON         0x0000000020000bd8      0x3cc USB_HOST/App/usb_host.o
                0x0000000020000bd8                hUsbHostFS
 COMMON         0x0000000020000fa4      0x2c4 USB_HOST/Target/usbh_conf.o
                0x0000000020000fa4                hhcd_USB_OTG_FS
 COMMON         0x0000000020001268        0x4 d:/program files (x86)/stm32cubeide_1.0.2/stm32cubeide/plugins/com.st.stm32cube.ide.mcu.externaltools.gnu-tools-for-stm32.7-2018-q2-update.win32_1.0.0.201904181610/tools/bin/../lib/gcc/arm-none-eabi/7.3.1/../../../../arm-none-eabi/lib/thumb/v7e-m/fpv4-sp/hard\libc_nano.a(lib_a-reent.o)
                0x0000000020001268                errno
                0x000000002000126c                . = ALIGN (0x4)
                0x000000002000126c                _ebss = .
                0x000000002000126c                __bss_end__ = _ebss

._user_heap_stack
                0x000000002000126c      0x604 load address 0x0000000008038948
                0x0000000020001270                . = ALIGN (0x8)
 *fill*         0x000000002000126c        0x4 
                0x0000000020001270                PROVIDE (end = .)
                [!provide]                        PROVIDE (_end = .)
                0x0000000020001470                . = (. + _Min_Heap_Size)
 *fill*         0x0000000020001270      0x200 
                0x0000000020001870                . = (. + _Min_Stack_Size)
 *fill*         0x0000000020001470      0x400 
                0x0000000020001870                . = ALIGN (0x8)

/DISCARD/
 libc.a(*)
 libm.a(*)
 libgcc.a(*)

.ARM.attributes
                0x0000000000000000       0x30
 *(.ARM.attributes)
 .ARM.attributes
                0x0000000000000000       0x22 d:/program files (x86)/stm32cubeide_1.0.2/stm32cubeide/plugins/com.st.stm32cube.ide.mcu.externaltools.gnu-tools-for-stm32.7-2018-q2-update.win32_1.0.0.201904181610/tools/bin/../lib/gcc/arm-none-eabi/7.3.1/thumb/v7e-m/fpv4-sp/hard/crti.o
 .ARM.attributes
                0x0000000000000022       0x34 d:/program files (x86)/stm32cubeide_1.0.2/stm32cubeide/plugins/com.st.stm32cube.ide.mcu.externaltools.gnu-tools-for-stm32.7-2018-q2-update.win32_1.0.0.201904181610/tools/bin/../lib/gcc/arm-none-eabi/7.3.1/thumb/v7e-m/fpv4-sp/hard/crtbegin.o
 .ARM.attributes
                0x0000000000000056       0x39 Core/Src/dma.o
 .ARM.attributes
                0x000000000000008f       0x39 Core/Src/gpio.o
 .ARM.attributes
                0x00000000000000c8       0x39 Core/Src/main.o
 .ARM.attributes
                0x0000000000000101       0x39 Core/Src/stm32f4xx_hal_msp.o
 .ARM.attributes
                0x000000000000013a       0x39 Core/Src/stm32f4xx_it.o
 .ARM.attributes
                0x0000000000000173       0x39 Core/Src/system_stm32f4xx.o
 .ARM.attributes
                0x00000000000001ac       0x39 Core/Src/usart.o
 .ARM.attributes
                0x00000000000001e5       0x21 Core/Startup/startup_stm32f407zgtx.o
 .ARM.attributes
                0x0000000000000206       0x39 Drivers/STM32F4xx_HAL_Driver/Src/stm32f4xx_hal.o
 .ARM.attributes
                0x000000000000023f       0x39 Drivers/STM32F4xx_HAL_Driver/Src/stm32f4xx_hal_cortex.o
 .ARM.attributes
                0x0000000000000278       0x39 Drivers/STM32F4xx_HAL_Driver/Src/stm32f4xx_hal_dma.o
 .ARM.attributes
                0x00000000000002b1       0x39 Drivers/STM32F4xx_HAL_Driver/Src/stm32f4xx_hal_gpio.o
 .ARM.attributes
                0x00000000000002ea       0x39 Drivers/STM32F4xx_HAL_Driver/Src/stm32f4xx_hal_hcd.o
 .ARM.attributes
                0x0000000000000323       0x39 Drivers/STM32F4xx_HAL_Driver/Src/stm32f4xx_hal_rcc.o
 .ARM.attributes
                0x000000000000035c       0x39 Drivers/STM32F4xx_HAL_Driver/Src/stm32f4xx_hal_uart.o
 .ARM.attributes